Archive member included to satisfy reference by file (symbol)

c:/st/stm32cubeide_1.10.1/stm32cubeide/plugins/com.st.stm32cube.ide.mcu.externaltools.gnu-tools-for-stm32.10.3-2021.10.win32_1.0.0.202111181127/tools/bin/../lib/gcc/arm-none-eabi/10.3.1/../../../../arm-none-eabi/lib/thumb/v7e-m+fp/hard\libc_nano.a(lib_a-atoi.o)
                              ./Core/Src/main.o (atoi)
c:/st/stm32cubeide_1.10.1/stm32cubeide/plugins/com.st.stm32cube.ide.mcu.externaltools.gnu-tools-for-stm32.10.3-2021.10.win32_1.0.0.202111181127/tools/bin/../lib/gcc/arm-none-eabi/10.3.1/../../../../arm-none-eabi/lib/thumb/v7e-m+fp/hard\libc_nano.a(lib_a-errno.o)
                              ./Core/Src/syscalls.o (__errno)
c:/st/stm32cubeide_1.10.1/stm32cubeide/plugins/com.st.stm32cube.ide.mcu.externaltools.gnu-tools-for-stm32.10.3-2021.10.win32_1.0.0.202111181127/tools/bin/../lib/gcc/arm-none-eabi/10.3.1/../../../../arm-none-eabi/lib/thumb/v7e-m+fp/hard\libc_nano.a(lib_a-exit.o)
                              c:/st/stm32cubeide_1.10.1/stm32cubeide/plugins/com.st.stm32cube.ide.mcu.externaltools.gnu-tools-for-stm32.10.3-2021.10.win32_1.0.0.202111181127/tools/bin/../lib/gcc/arm-none-eabi/10.3.1/../../../../arm-none-eabi/lib/thumb/v7e-m+fp/hard/crt0.o (exit)
c:/st/stm32cubeide_1.10.1/stm32cubeide/plugins/com.st.stm32cube.ide.mcu.externaltools.gnu-tools-for-stm32.10.3-2021.10.win32_1.0.0.202111181127/tools/bin/../lib/gcc/arm-none-eabi/10.3.1/../../../../arm-none-eabi/lib/thumb/v7e-m+fp/hard\libc_nano.a(lib_a-impure.o)
                              c:/st/stm32cubeide_1.10.1/stm32cubeide/plugins/com.st.stm32cube.ide.mcu.externaltools.gnu-tools-for-stm32.10.3-2021.10.win32_1.0.0.202111181127/tools/bin/../lib/gcc/arm-none-eabi/10.3.1/../../../../arm-none-eabi/lib/thumb/v7e-m+fp/hard\libc_nano.a(lib_a-exit.o) (_global_impure_ptr)
c:/st/stm32cubeide_1.10.1/stm32cubeide/plugins/com.st.stm32cube.ide.mcu.externaltools.gnu-tools-for-stm32.10.3-2021.10.win32_1.0.0.202111181127/tools/bin/../lib/gcc/arm-none-eabi/10.3.1/../../../../arm-none-eabi/lib/thumb/v7e-m+fp/hard\libc_nano.a(lib_a-init.o)
                              c:/st/stm32cubeide_1.10.1/stm32cubeide/plugins/com.st.stm32cube.ide.mcu.externaltools.gnu-tools-for-stm32.10.3-2021.10.win32_1.0.0.202111181127/tools/bin/../lib/gcc/arm-none-eabi/10.3.1/../../../../arm-none-eabi/lib/thumb/v7e-m+fp/hard/crt0.o (__libc_init_array)
c:/st/stm32cubeide_1.10.1/stm32cubeide/plugins/com.st.stm32cube.ide.mcu.externaltools.gnu-tools-for-stm32.10.3-2021.10.win32_1.0.0.202111181127/tools/bin/../lib/gcc/arm-none-eabi/10.3.1/../../../../arm-none-eabi/lib/thumb/v7e-m+fp/hard\libc_nano.a(lib_a-memcpy-stub.o)
                              ./USB_DEVICE/App/usbd_cdc_if.o (memcpy)
c:/st/stm32cubeide_1.10.1/stm32cubeide/plugins/com.st.stm32cube.ide.mcu.externaltools.gnu-tools-for-stm32.10.3-2021.10.win32_1.0.0.202111181127/tools/bin/../lib/gcc/arm-none-eabi/10.3.1/../../../../arm-none-eabi/lib/thumb/v7e-m+fp/hard\libc_nano.a(lib_a-memset.o)
                              c:/st/stm32cubeide_1.10.1/stm32cubeide/plugins/com.st.stm32cube.ide.mcu.externaltools.gnu-tools-for-stm32.10.3-2021.10.win32_1.0.0.202111181127/tools/bin/../lib/gcc/arm-none-eabi/10.3.1/../../../../arm-none-eabi/lib/thumb/v7e-m+fp/hard/crt0.o (memset)
c:/st/stm32cubeide_1.10.1/stm32cubeide/plugins/com.st.stm32cube.ide.mcu.externaltools.gnu-tools-for-stm32.10.3-2021.10.win32_1.0.0.202111181127/tools/bin/../lib/gcc/arm-none-eabi/10.3.1/../../../../arm-none-eabi/lib/thumb/v7e-m+fp/hard\libc_nano.a(lib_a-strstr.o)
                              ./Core/Src/main.o (strstr)
c:/st/stm32cubeide_1.10.1/stm32cubeide/plugins/com.st.stm32cube.ide.mcu.externaltools.gnu-tools-for-stm32.10.3-2021.10.win32_1.0.0.202111181127/tools/bin/../lib/gcc/arm-none-eabi/10.3.1/../../../../arm-none-eabi/lib/thumb/v7e-m+fp/hard\libc_nano.a(lib_a-strtol.o)
                              c:/st/stm32cubeide_1.10.1/stm32cubeide/plugins/com.st.stm32cube.ide.mcu.externaltools.gnu-tools-for-stm32.10.3-2021.10.win32_1.0.0.202111181127/tools/bin/../lib/gcc/arm-none-eabi/10.3.1/../../../../arm-none-eabi/lib/thumb/v7e-m+fp/hard\libc_nano.a(lib_a-atoi.o) (_strtol_r)
c:/st/stm32cubeide_1.10.1/stm32cubeide/plugins/com.st.stm32cube.ide.mcu.externaltools.gnu-tools-for-stm32.10.3-2021.10.win32_1.0.0.202111181127/tools/bin/../lib/gcc/arm-none-eabi/10.3.1/../../../../arm-none-eabi/lib/thumb/v7e-m+fp/hard\libc_nano.a(lib_a-ctype_.o)
                              c:/st/stm32cubeide_1.10.1/stm32cubeide/plugins/com.st.stm32cube.ide.mcu.externaltools.gnu-tools-for-stm32.10.3-2021.10.win32_1.0.0.202111181127/tools/bin/../lib/gcc/arm-none-eabi/10.3.1/../../../../arm-none-eabi/lib/thumb/v7e-m+fp/hard\libc_nano.a(lib_a-strtol.o) (_ctype_)
c:/st/stm32cubeide_1.10.1/stm32cubeide/plugins/com.st.stm32cube.ide.mcu.externaltools.gnu-tools-for-stm32.10.3-2021.10.win32_1.0.0.202111181127/tools/bin/../lib/gcc/arm-none-eabi/10.3.1/thumb/v7e-m+fp/hard\libgcc.a(_aeabi_uldivmod.o)
[...]
Memory Configuration

Name             Origin             Length             Attributes
RAM              0x0000000020000000 0x0000000000020000 xrw
FLASH            0x0000000008000000 0x0000000000080000 xr
*default*        0x0000000000000000 0xffffffffffffffff

Linker script and memory map

LOAD c:/st/stm32cubeide_1.10.1/stm32cubeide/plugins/com.st.stm32cube.ide.mcu.externaltools.gnu-tools-for-stm32.10.3-2021.10.win32_1.0.0.202111181127/tools/bin/../lib/gcc/arm-none-eabi/10.3.1/thumb/v7e-m+fp/hard/crti.o
LOAD c:/st/stm32cubeide_1.10.1/stm32cubeide/plugins/com.st.stm32cube.ide.mcu.externaltools.gnu-tools-for-stm32.10.3-2021.10.win32_1.0.0.202111181127/tools/bin/../lib/gcc/arm-none-eabi/10.3.1/thumb/v7e-m+fp/hard/crtbegin.o
LOAD c:/st/stm32cubeide_1.10.1/stm32cubeide/plugins/com.st.stm32cube.ide.mcu.externaltools.gnu-tools-for-stm32.10.3-2021.10.win32_1.0.0.202111181127/tools/bin/../lib/gcc/arm-none-eabi/10.3.1/../../../../arm-none-eabi/lib/thumb/v7e-m+fp/hard/crt0.o
LOAD ./Core/Src/main.o
LOAD ./Core/Src/stm32f4xx_hal_msp.o
LOAD ./Core/Src/stm32f4xx_it.o
LOAD ./Core/Src/syscalls.o
LOAD ./Core/Src/sysmem.o
LOAD ./Core/Src/system_stm32f4xx.o
LOAD ./Core/Startup/startup_stm32f411vetx.o
LOAD ./Drivers/STM32F4xx_HAL_Driver/Src/stm32f4xx_hal.o
LOAD ./Drivers/STM32F4xx_HAL_Driver/Src/stm32f4xx_hal_adc.o
LOAD ./Drivers/STM32F4xx_HAL_Driver/Src/stm32f4xx_hal_adc_ex.o
LOAD ./Drivers/STM32F4xx_HAL_Driver/Src/stm32f4xx_hal_cortex.o
LOAD ./Drivers/STM32F4xx_HAL_Driver/Src/stm32f4xx_hal_dma.o
LOAD ./Drivers/STM32F4xx_HAL_Driver/Src/stm32f4xx_hal_dma_ex.o
LOAD ./Drivers/STM32F4xx_HAL_Driver/Src/stm32f4xx_hal_exti.o
LOAD ./Drivers/STM32F4xx_HAL_Driver/Src/stm32f4xx_hal_flash.o
LOAD ./Drivers/STM32F4xx_HAL_Driver/Src/stm32f4xx_hal_flash_ex.o
LOAD ./Drivers/STM32F4xx_HAL_Driver/Src/stm32f4xx_hal_flash_ramfunc.o
LOAD ./Drivers/STM32F4xx_HAL_Driver/Src/stm32f4xx_hal_gpio.o
LOAD ./Drivers/STM32F4xx_HAL_Driver/Src/stm32f4xx_hal_pcd.o
LOAD ./Drivers/STM32F4xx_HAL_Driver/Src/stm32f4xx_hal_pcd_ex.o
LOAD ./Drivers/STM32F4xx_HAL_Driver/Src/stm32f4xx_hal_pwr.o
LOAD ./Drivers/STM32F4xx_HAL_Driver/Src/stm32f4xx_hal_pwr_ex.o
LOAD ./Drivers/STM32F4xx_HAL_Driver/Src/stm32f4xx_hal_rcc.o
LOAD ./Drivers/STM32F4xx_HAL_Driver/Src/stm32f4xx_hal_rcc_ex.o
LOAD ./Drivers/STM32F4xx_HAL_Driver/Src/stm32f4xx_hal_tim.o
LOAD ./Drivers/STM32F4xx_HAL_Driver/Src/stm32f4xx_hal_tim_ex.o
LOAD ./Drivers/STM32F4xx_HAL_Driver/Src/stm32f4xx_ll_adc.o
LOAD ./Drivers/STM32F4xx_HAL_Driver/Src/stm32f4xx_ll_usb.o
LOAD ./Middlewares/ST/STM32_USB_Device_Library/Class/CDC/Src/usbd_cdc.o
LOAD ./Middlewares/ST/STM32_USB_Device_Library/Core/Src/usbd_core.o
LOAD ./Middlewares/ST/STM32_USB_Device_Library/Core/Src/usbd_ctlreq.o
LOAD ./Middlewares/ST/STM32_USB_Device_Library/Core/Src/usbd_ioreq.o
LOAD ./USB_DEVICE/App/usb_device.o
LOAD ./USB_DEVICE/App/usbd_cdc_if.o
LOAD ./USB_DEVICE/App/usbd_desc.o
LOAD ./USB_DEVICE/Target/usbd_conf.o
START GROUP
LOAD c:/st/stm32cubeide_1.10.1/stm32cubeide/plugins/com.st.stm32cube.ide.mcu.externaltools.gnu-tools-for-stm32.10.3-2021.10.win32_1.0.0.202111181127/tools/bin/../lib/gcc/arm-none-eabi/10.3.1/../../../../arm-none-eabi/lib/thumb/v7e-m+fp/hard\libc_nano.a
LOAD c:/st/stm32cubeide_1.10.1/stm32cubeide/plugins/com.st.stm32cube.ide.mcu.externaltools.gnu-tools-for-stm32.10.3-2021.10.win32_1.0.0.202111181127/tools/bin/../lib/gcc/arm-none-eabi/10.3.1/../../../../arm-none-eabi/lib/thumb/v7e-m+fp/hard\libm.a
END GROUP
START GROUP
LOAD c:/st/stm32cubeide_1.10.1/stm32cubeide/plugins/com.st.stm32cube.ide.mcu.externaltools.gnu-tools-for-stm32.10.3-2021.10.win32_1.0.0.202111181127/tools/bin/../lib/gcc/arm-none-eabi/10.3.1/thumb/v7e-m+fp/hard\libgcc.a
LOAD c:/st/stm32cubeide_1.10.1/stm32cubeide/plugins/com.st.stm32cube.ide.mcu.externaltools.gnu-tools-for-stm32.10.3-2021.10.win32_1.0.0.202111181127/tools/bin/../lib/gcc/arm-none-eabi/10.3.1/../../../../arm-none-eabi/lib/thumb/v7e-m+fp/hard\libc_nano.a
END GROUP
START GROUP
LOAD c:/st/stm32cubeide_1.10.1/stm32cubeide/plugins/com.st.stm32cube.ide.mcu.externaltools.gnu-tools-for-stm32.10.3-2021.10.win32_1.0.0.202111181127/tools/bin/../lib/gcc/arm-none-eabi/10.3.1/thumb/v7e-m+fp/hard\libgcc.a
LOAD c:/st/stm32cubeide_1.10.1/stm32cubeide/plugins/com.st.stm32cube.ide.mcu.externaltools.gnu-tools-for-stm32.10.3-2021.10.win32_1.0.0.202111181127/tools/bin/../lib/gcc/arm-none-eabi/10.3.1/../../../../arm-none-eabi/lib/thumb/v7e-m+fp/hard\libc_nano.a
LOAD c:/st/stm32cubeide_1.10.1/stm32cubeide/plugins/com.st.stm32cube.ide.mcu.externaltools.gnu-tools-for-stm32.10.3-2021.10.win32_1.0.0.202111181127/tools/bin/../lib/gcc/arm-none-eabi/10.3.1/../../../../arm-none-eabi/lib/thumb/v7e-m+fp/hard\libnosys.a
END GROUP
START GROUP
LOAD c:/st/stm32cubeide_1.10.1/stm32cubeide/plugins/com.st.stm32cube.ide.mcu.externaltools.gnu-tools-for-stm32.10.3-2021.10.win32_1.0.0.202111181127/tools/bin/../lib/gcc/arm-none-eabi/10.3.1/thumb/v7e-m+fp/hard\libgcc.a
LOAD c:/st/stm32cubeide_1.10.1/stm32cubeide/plugins/com.st.stm32cube.ide.mcu.externaltools.gnu-tools-for-stm32.10.3-2021.10.win32_1.0.0.202111181127/tools/bin/../lib/gcc/arm-none-eabi/10.3.1/../../../../arm-none-eabi/lib/thumb/v7e-m+fp/hard\libc_nano.a
LOAD c:/st/stm32cubeide_1.10.1/stm32cubeide/plugins/com.st.stm32cube.ide.mcu.externaltools.gnu-tools-for-stm32.10.3-2021.10.win32_1.0.0.202111181127/tools/bin/../lib/gcc/arm-none-eabi/10.3.1/../../../../arm-none-eabi/lib/thumb/v7e-m+fp/hard\libnosys.a
END GROUP
LOAD c:/st/stm32cubeide_1.10.1/stm32cubeide/plugins/com.st.stm32cube.ide.mcu.externaltools.gnu-tools-for-stm32.10.3-2021.10.win32_1.0.0.202111181127/tools/bin/../lib/gcc/arm-none-eabi/10.3.1/thumb/v7e-m+fp/hard/crtend.o
LOAD c:/st/stm32cubeide_1.10.1/stm32cubeide/plugins/com.st.stm32cube.ide.mcu.externaltools.gnu-tools-for-stm32.10.3-2021.10.win32_1.0.0.202111181127/tools/bin/../lib/gcc/arm-none-eabi/10.3.1/thumb/v7e-m+fp/hard/crtn.o
                0x0000000020020000                _estack = (ORIGIN (RAM) + LENGTH (RAM))
                0x0000000000000200                _Min_Heap_Size = 0x200
                0x0000000000000400                _Min_Stack_Size = 0x400

.isr_vector     0x0000000008000000      0x198
                0x0000000008000000                . = ALIGN (0x4)
 *(.isr_vector)
 .isr_vector    0x0000000008000000      0x198 ./Core/Startup/startup_stm32f411vetx.o
                0x0000000008000000                g_pfnVectors
                0x0000000008000198                . = ALIGN (0x4)

.text           0x0000000008000198     0x87a4
                0x0000000008000198                . = ALIGN (0x4)
 *(.text)
 .text          0x0000000008000198       0x40 c:/st/stm32cubeide_1.10.1/stm32cubeide/plugins/com.st.stm32cube.ide.mcu.externaltools.gnu-tools-for-stm32.10.3-2021.10.win32_1.0.0.202111181127/tools/bin/../lib/gcc/arm-none-eabi/10.3.1/thumb/v7e-m+fp/hard/crtbegin.o
 .text          0x00000000080001d8       0x30 c:/st/stm32cubeide_1.10.1/stm32cubeide/plugins/com.st.stm32cube.ide.mcu.externaltools.gnu-tools-for-stm32.10.3-2021.10.win32_1.0.0.202111181127/tools/bin/../lib/gcc/arm-none-eabi/10.3.1/thumb/v7e-m+fp/hard\libgcc.a(_aeabi_uldivmod.o)
                0x00000000080001d8                __aeabi_uldivmod
 .text          0x0000000008000208      0x2d0 c:/st/stm32cubeide_1.10.1/stm32cubeide/plugins/com.st.stm32cube.ide.mcu.externaltools.gnu-tools-for-stm32.10.3-2021.10.win32_1.0.0.202111181127/tools/bin/../lib/gcc/arm-none-eabi/10.3.1/thumb/v7e-m+fp/hard\libgcc.a(_udivmoddi4.o)
                0x0000000008000208                __udivmoddi4
 .text          0x00000000080004d8        0x4 c:/st/stm32cubeide_1.10.1/stm32cubeide/plugins/com.st.stm32cube.ide.mcu.externaltools.gnu-tools-for-stm32.10.3-2021.10.win32_1.0.0.202111181127/tools/bin/../lib/gcc/arm-none-eabi/10.3.1/thumb/v7e-m+fp/hard\libgcc.a(_dvmd_tls.o)
                0x00000000080004d8                __aeabi_idiv0
                0x00000000080004d8                __aeabi_ldiv0
 *(.text*)
 .text.TemporizadorMinutos
                0x00000000080004dc       0x38 ./Core/Src/main.o
                0x00000000080004dc                TemporizadorMinutos
 .text.displayModo
                0x0000000008000514       0xd8 ./Core/Src/main.o
                0x0000000008000514                displayModo
 .text.main     0x00000000080005ec       0x40 ./Core/Src/main.o
                0x00000000080005ec                main
 .text.SystemClock_Config
                0x000000000800062c       0xd0 ./Core/Src/main.o
                0x000000000800062c                SystemClock_Config
 .text.MX_ADC1_Init
                0x00000000080006fc       0xa8 ./Core/Src/main.o
 .text.MX_TIM2_Init
                0x00000000080007a4       0x9c ./Core/Src/main.o
 .text.MX_TIM3_Init
                0x0000000008000840       0x9c ./Core/Src/main.o
 .text.MX_TIM5_Init
                0x00000000080008dc       0x9c ./Core/Src/main.o
 .text.MX_GPIO_Init
                0x0000000008000978       0xf0 ./Core/Src/main.o
 .text.state_machine_init
                0x0000000008000a68       0x24 ./Core/Src/main.o
                0x0000000008000a68                state_machine_init
 .text.ESPERA_function
                0x0000000008000a8c       0xd8 ./Core/Src/main.o
                0x0000000008000a8c                ESPERA_function
 .text.MANUAL_function
                0x0000000008000b64      0x128 ./Core/Src/main.o
                0x0000000008000b64                MANUAL_function
 .text.HORARIO_function
                0x0000000008000c8c       0xd8 ./Core/Src/main.o
                0x0000000008000c8c                HORARIO_function
 .text.AUTOMATICO_function
                0x0000000008000d64       0xd8 ./Core/Src/main.o
                0x0000000008000d64                AUTOMATICO_function
 .text.ENCENDIDO_function
                0x0000000008000e3c       0x50 ./Core/Src/main.o
                0x0000000008000e3c                ENCENDIDO_function
 .text.APAGADO_function
                0x0000000008000e8c       0x24 ./Core/Src/main.o
                0x0000000008000e8c                APAGADO_function
 .text.HAL_TIM_PeriodElapsedCallback
                0x0000000008000eb0       0x94 ./Core/Src/main.o
                0x0000000008000eb0                HAL_TIM_PeriodElapsedCallback
 .text.HAL_GPIO_EXTI_Callback
                0x0000000008000f44       0x58 ./Core/Src/main.o
                0x0000000008000f44                HAL_GPIO_EXTI_Callback
 .text.Error_Handler
                0x0000000008000f9c        0xa ./Core/Src/main.o
                0x0000000008000f9c                Error_Handler
 *fill*         0x0000000008000fa6        0x2 
 .text.HAL_MspInit
                0x0000000008000fa8       0x50 ./Core/Src/stm32f4xx_hal_msp.o
                0x0000000008000fa8                HAL_MspInit
 .text.HAL_ADC_MspInit
                0x0000000008000ff8       0x88 ./Core/Src/stm32f4xx_hal_msp.o
                0x0000000008000ff8                HAL_ADC_MspInit
 .text.HAL_TIM_Base_MspInit
                0x0000000008001080       0xb4 ./Core/Src/stm32f4xx_hal_msp.o
                0x0000000008001080                HAL_TIM_Base_MspInit
 .text.NMI_Handler
                0x0000000008001134        0x6 ./Core/Src/stm32f4xx_it.o
                0x0000000008001134                NMI_Handler
 .text.HardFault_Handler
                0x000000000800113a        0x6 ./Core/Src/stm32f4xx_it.o
                0x000000000800113a                HardFault_Handler
 .text.MemManage_Handler
                0x0000000008001140        0x6 ./Core/Src/stm32f4xx_it.o
                0x0000000008001140                MemManage_Handler
 .text.BusFault_Handler
                0x0000000008001146        0x6 ./Core/Src/stm32f4xx_it.o
                0x0000000008001146                BusFault_Handler
 .text.UsageFault_Handler
                0x000000000800114c        0x6 ./Core/Src/stm32f4xx_it.o
                0x000000000800114c                UsageFault_Handler
 .text.SVC_Handler
                0x0000000008001152        0xe ./Core/Src/stm32f4xx_it.o
                0x0000000008001152                SVC_Handler
 .text.DebugMon_Handler
                0x0000000008001160        0xe ./Core/Src/stm32f4xx_it.o
                0x0000000008001160                DebugMon_Handler
 .text.PendSV_Handler
                0x000000000800116e        0xe ./Core/Src/stm32f4xx_it.o
                0x000000000800116e                PendSV_Handler
 .text.SysTick_Handler
                0x000000000800117c        0xc ./Core/Src/stm32f4xx_it.o
                0x000000000800117c                SysTick_Handler
 .text.EXTI0_IRQHandler
                0x0000000008001188        0xe ./Core/Src/stm32f4xx_it.o
                0x0000000008001188                EXTI0_IRQHandler
 *fill*         0x0000000008001196        0x2 
 .text.TIM2_IRQHandler
                0x0000000008001198       0x14 ./Core/Src/stm32f4xx_it.o
                0x0000000008001198                TIM2_IRQHandler
 .text.TIM3_IRQHandler
                0x00000000080011ac       0x14 ./Core/Src/stm32f4xx_it.o
                0x00000000080011ac                TIM3_IRQHandler
 .text.OTG_FS_IRQHandler
                0x00000000080011c0       0x14 ./Core/Src/stm32f4xx_it.o
                0x00000000080011c0                OTG_FS_IRQHandler
 .text.SystemInit
                0x00000000080011d4       0x24 ./Core/Src/system_stm32f4xx.o
                0x00000000080011d4                SystemInit
 .text.Reset_Handler
                0x00000000080011f8       0x50 ./Core/Startup/startup_stm32f411vetx.o
                0x00000000080011f8                Reset_Handler
 .text.Default_Handler
                0x0000000008001248        0x2 ./Core/Startup/startup_stm32f411vetx.o
                0x0000000008001248                RTC_Alarm_IRQHandler
                0x0000000008001248                EXTI2_IRQHandler
                0x0000000008001248                SPI4_IRQHandler
                0x0000000008001248                TIM1_CC_IRQHandler
                0x0000000008001248                DMA2_Stream5_IRQHandler
                0x0000000008001248                DMA1_Stream5_IRQHandler
                0x0000000008001248                PVD_IRQHandler
                0x0000000008001248                SDIO_IRQHandler
                0x0000000008001248                TAMP_STAMP_IRQHandler
                0x0000000008001248                EXTI3_IRQHandler
                0x0000000008001248                TIM1_UP_TIM10_IRQHandler
                0x0000000008001248                I2C3_ER_IRQHandler
                0x0000000008001248                I2C2_EV_IRQHandler
                0x0000000008001248                DMA1_Stream2_IRQHandler
                0x0000000008001248                FPU_IRQHandler
                0x0000000008001248                DMA2_Stream2_IRQHandler
                0x0000000008001248                SPI1_IRQHandler
                0x0000000008001248                TIM1_BRK_TIM9_IRQHandler
                0x0000000008001248                DMA2_Stream3_IRQHandler
                0x0000000008001248                USART6_IRQHandler
                0x0000000008001248                DMA2_Stream0_IRQHandler
                0x0000000008001248                TIM4_IRQHandler
                0x0000000008001248                I2C1_EV_IRQHandler
                0x0000000008001248                DMA1_Stream6_IRQHandler
                0x0000000008001248                DMA1_Stream1_IRQHandler
                0x0000000008001248                RCC_IRQHandler
                0x0000000008001248                Default_Handler
                0x0000000008001248                EXTI15_10_IRQHandler
                0x0000000008001248                ADC_IRQHandler
                0x0000000008001248                DMA1_Stream7_IRQHandler
                0x0000000008001248                SPI5_IRQHandler
                0x0000000008001248                TIM5_IRQHandler
                0x0000000008001248                DMA2_Stream7_IRQHandler
                0x0000000008001248                I2C3_EV_IRQHandler
                0x0000000008001248                EXTI9_5_IRQHandler
                0x0000000008001248                RTC_WKUP_IRQHandler
                0x0000000008001248                SPI2_IRQHandler
                0x0000000008001248                DMA1_Stream0_IRQHandler
                0x0000000008001248                EXTI4_IRQHandler
                0x0000000008001248                WWDG_IRQHandler
                0x0000000008001248                OTG_FS_WKUP_IRQHandler
                0x0000000008001248                TIM1_TRG_COM_TIM11_IRQHandler
                0x0000000008001248                EXTI1_IRQHandler
                0x0000000008001248                USART2_IRQHandler
                0x0000000008001248                I2C2_ER_IRQHandler
                0x0000000008001248                DMA2_Stream1_IRQHandler
                0x0000000008001248                FLASH_IRQHandler
                0x0000000008001248                DMA2_Stream4_IRQHandler
                0x0000000008001248                USART1_IRQHandler
                0x0000000008001248                SPI3_IRQHandler
                0x0000000008001248                DMA1_Stream4_IRQHandler
                0x0000000008001248                I2C1_ER_IRQHandler
                0x0000000008001248                DMA2_Stream6_IRQHandler
                0x0000000008001248                DMA1_Stream3_IRQHandler
 *fill*         0x000000000800124a        0x2 
 .text.HAL_Init
                0x000000000800124c       0x44 ./Drivers/STM32F4xx_HAL_Driver/Src/stm32f4xx_hal.o
                0x000000000800124c                HAL_Init
 .text.HAL_InitTick
                0x0000000008001290       0x60 ./Drivers/STM32F4xx_HAL_Driver/Src/stm32f4xx_hal.o
                0x0000000008001290                HAL_InitTick
 .text.HAL_IncTick
                0x00000000080012f0       0x28 ./Drivers/STM32F4xx_HAL_Driver/Src/stm32f4xx_hal.o
                0x00000000080012f0                HAL_IncTick
 .text.HAL_GetTick
                0x0000000008001318       0x18 ./Drivers/STM32F4xx_HAL_Driver/Src/stm32f4xx_hal.o
                0x0000000008001318                HAL_GetTick
 .text.HAL_Delay
                0x0000000008001330       0x48 ./Drivers/STM32F4xx_HAL_Driver/Src/stm32f4xx_hal.o
                0x0000000008001330                HAL_Delay
 .text.HAL_ADC_Init
                0x0000000008001378       0x86 ./Drivers/STM32F4xx_HAL_Driver/Src/stm32f4xx_hal_adc.o
                0x0000000008001378                HAL_ADC_Init
 *fill*         0x00000000080013fe        0x2 
 .text.HAL_ADC_ConfigChannel
                0x0000000008001400      0x264 ./Drivers/STM32F4xx_HAL_Driver/Src/stm32f4xx_hal_adc.o
                0x0000000008001400                HAL_ADC_ConfigChannel
 .text.ADC_Init
                0x0000000008001664      0x1f8 ./Drivers/STM32F4xx_HAL_Driver/Src/stm32f4xx_hal_adc.o
 .text.__NVIC_SetPriorityGrouping
                0x000000000800185c       0x48 ./Drivers/STM32F4xx_HAL_Driver/Src/stm32f4xx_hal_cortex.o
 .text.__NVIC_GetPriorityGrouping
                0x00000000080018a4       0x1c ./Drivers/STM32F4xx_HAL_Driver/Src/stm32f4xx_hal_cortex.o
 .text.__NVIC_EnableIRQ
                0x00000000080018c0       0x3c ./Drivers/STM32F4xx_HAL_Driver/Src/stm32f4xx_hal_cortex.o
 .text.__NVIC_SetPriority
                0x00000000080018fc       0x54 ./Drivers/STM32F4xx_HAL_Driver/Src/stm32f4xx_hal_cortex.o
 .text.NVIC_EncodePriority
                0x0000000008001950       0x66 ./Drivers/STM32F4xx_HAL_Driver/Src/stm32f4xx_hal_cortex.o
 *fill*         0x00000000080019b6        0x2 
 .text.SysTick_Config
                0x00000000080019b8       0x44 ./Drivers/STM32F4xx_HAL_Driver/Src/stm32f4xx_hal_cortex.o
 .text.HAL_NVIC_SetPriorityGrouping
                0x00000000080019fc       0x16 ./Drivers/STM32F4xx_HAL_Driver/Src/stm32f4xx_hal_cortex.o
                0x00000000080019fc                HAL_NVIC_SetPriorityGrouping
 .text.HAL_NVIC_SetPriority
                0x0000000008001a12       0x38 ./Drivers/STM32F4xx_HAL_Driver/Src/stm32f4xx_hal_cortex.o
                0x0000000008001a12                HAL_NVIC_SetPriority
 .text.HAL_NVIC_EnableIRQ
                0x0000000008001a4a       0x1c ./Drivers/STM32F4xx_HAL_Driver/Src/stm32f4xx_hal_cortex.o
                0x0000000008001a4a                HAL_NVIC_EnableIRQ
 .text.HAL_SYSTICK_Config
                0x0000000008001a66       0x18 ./Drivers/STM32F4xx_HAL_Driver/Src/stm32f4xx_hal_cortex.o
                0x0000000008001a66                HAL_SYSTICK_Config
 *fill*         0x0000000008001a7e        0x2 
 .text.HAL_GPIO_Init
                0x0000000008001a80      0x308 ./Drivers/STM32F4xx_HAL_Driver/Src/stm32f4xx_hal_gpio.o
                0x0000000008001a80                HAL_GPIO_Init
 .text.HAL_GPIO_ReadPin
                0x0000000008001d88       0x30 ./Drivers/STM32F4xx_HAL_Driver/Src/stm32f4xx_hal_gpio.o
                0x0000000008001d88                HAL_GPIO_ReadPin
 .text.HAL_GPIO_WritePin
                0x0000000008001db8       0x32 ./Drivers/STM32F4xx_HAL_Driver/Src/stm32f4xx_hal_gpio.o
                0x0000000008001db8                HAL_GPIO_WritePin
 *fill*         0x0000000008001dea        0x2 
 .text.HAL_GPIO_EXTI_IRQHandler
                0x0000000008001dec       0x30 ./Drivers/STM32F4xx_HAL_Driver/Src/stm32f4xx_hal_gpio.o
                0x0000000008001dec                HAL_GPIO_EXTI_IRQHandler
 .text.HAL_PCD_Init
                0x0000000008001e1c      0x23a ./Drivers/STM32F4xx_HAL_Driver/Src/stm32f4xx_hal_pcd.o
                0x0000000008001e1c                HAL_PCD_Init
 .text.HAL_PCD_Start
                0x0000000008002056       0x66 ./Drivers/STM32F4xx_HAL_Driver/Src/stm32f4xx_hal_pcd.o
                0x0000000008002056                HAL_PCD_Start
 .text.HAL_PCD_IRQHandler
                0x00000000080020bc      0x93e ./Drivers/STM32F4xx_HAL_Driver/Src/stm32f4xx_hal_pcd.o
                0x00000000080020bc                HAL_PCD_IRQHandler
 .text.HAL_PCD_SetAddress
                0x00000000080029fa       0x4a ./Drivers/STM32F4xx_HAL_Driver/Src/stm32f4xx_hal_pcd.o
                0x00000000080029fa                HAL_PCD_SetAddress
 .text.HAL_PCD_EP_Open
                0x0000000008002a44       0xd0 ./Drivers/STM32F4xx_HAL_Driver/Src/stm32f4xx_hal_pcd.o
                0x0000000008002a44                HAL_PCD_EP_Open
 .text.HAL_PCD_EP_Close
                0x0000000008002b14       0x94 ./Drivers/STM32F4xx_HAL_Driver/Src/stm32f4xx_hal_pcd.o
                0x0000000008002b14                HAL_PCD_EP_Close
 .text.HAL_PCD_EP_Receive
                0x0000000008002ba8       0x96 ./Drivers/STM32F4xx_HAL_Driver/Src/stm32f4xx_hal_pcd.o
                0x0000000008002ba8                HAL_PCD_EP_Receive
 .text.HAL_PCD_EP_GetRxCount
                0x0000000008002c3e       0x30 ./Drivers/STM32F4xx_HAL_Driver/Src/stm32f4xx_hal_pcd.o
                0x0000000008002c3e                HAL_PCD_EP_GetRxCount
 .text.HAL_PCD_EP_Transmit
                0x0000000008002c6e       0x94 ./Drivers/STM32F4xx_HAL_Driver/Src/stm32f4xx_hal_pcd.o
                0x0000000008002c6e                HAL_PCD_EP_Transmit
 .text.HAL_PCD_EP_SetStall
                0x0000000008002d02       0xc8 ./Drivers/STM32F4xx_HAL_Driver/Src/stm32f4xx_hal_pcd.o
                0x0000000008002d02                HAL_PCD_EP_SetStall
 .text.HAL_PCD_EP_ClrStall
                0x0000000008002dca       0xac ./Drivers/STM32F4xx_HAL_Driver/Src/stm32f4xx_hal_pcd.o
                0x0000000008002dca                HAL_PCD_EP_ClrStall
 .text.HAL_PCD_EP_Abort
                0x0000000008002e76       0x62 ./Drivers/STM32F4xx_HAL_Driver/Src/stm32f4xx_hal_pcd.o
                0x0000000008002e76                HAL_PCD_EP_Abort
 .text.PCD_WriteEmptyTxFifo
                0x0000000008002ed8      0x11a ./Drivers/STM32F4xx_HAL_Driver/Src/stm32f4xx_hal_pcd.o
 *fill*         0x0000000008002ff2        0x2 
 .text.PCD_EP_OutXfrComplete_int
                0x0000000008002ff4      0x1d0 ./Drivers/STM32F4xx_HAL_Driver/Src/stm32f4xx_hal_pcd.o
 .text.PCD_EP_OutSetupPacket_int
                0x00000000080031c4       0x8c ./Drivers/STM32F4xx_HAL_Driver/Src/stm32f4xx_hal_pcd.o
 .text.HAL_PCDEx_SetTxFiFo
                0x0000000008003250       0x8e ./Drivers/STM32F4xx_HAL_Driver/Src/stm32f4xx_hal_pcd_ex.o
                0x0000000008003250                HAL_PCDEx_SetTxFiFo
 .text.HAL_PCDEx_SetRxFiFo
                0x00000000080032de       0x22 ./Drivers/STM32F4xx_HAL_Driver/Src/stm32f4xx_hal_pcd_ex.o
                0x00000000080032de                HAL_PCDEx_SetRxFiFo
 .text.HAL_PCDEx_LPM_Callback
                0x0000000008003300       0x18 ./Drivers/STM32F4xx_HAL_Driver/Src/stm32f4xx_hal_pcd_ex.o
                0x0000000008003300                HAL_PCDEx_LPM_Callback
 .text.HAL_RCC_OscConfig
                0x0000000008003318      0x4f0 ./Drivers/STM32F4xx_HAL_Driver/Src/stm32f4xx_hal_rcc.o
                0x0000000008003318                HAL_RCC_OscConfig
 .text.HAL_RCC_ClockConfig
                0x0000000008003808      0x1cc ./Drivers/STM32F4xx_HAL_Driver/Src/stm32f4xx_hal_rcc.o
                0x0000000008003808                HAL_RCC_ClockConfig
 .text.HAL_RCC_GetSysClockFreq
                0x00000000080039d4      0x20c ./Drivers/STM32F4xx_HAL_Driver/Src/stm32f4xx_hal_rcc.o
                0x00000000080039d4                HAL_RCC_GetSysClockFreq
 .text.HAL_RCC_GetHCLKFreq
                0x0000000008003be0       0x18 ./Drivers/STM32F4xx_HAL_Driver/Src/stm32f4xx_hal_rcc.o
                0x0000000008003be0                HAL_RCC_GetHCLKFreq
 .text.HAL_TIM_Base_Init
                0x0000000008003bf8       0x9e ./Drivers/STM32F4xx_HAL_Driver/Src/stm32f4xx_hal_tim.o
                0x0000000008003bf8                HAL_TIM_Base_Init
 *fill*         0x0000000008003c96        0x2 
 .text.HAL_TIM_Base_Start_IT
                0x0000000008003c98       0xc4 ./Drivers/STM32F4xx_HAL_Driver/Src/stm32f4xx_hal_tim.o
                0x0000000008003c98                HAL_TIM_Base_Start_IT
 .text.HAL_TIM_Base_Stop_IT
                0x0000000008003d5c       0x5e ./Drivers/STM32F4xx_HAL_Driver/Src/stm32f4xx_hal_tim.o
                0x0000000008003d5c                HAL_TIM_Base_Stop_IT
 .text.HAL_TIM_IRQHandler
                0x0000000008003dba      0x210 ./Drivers/STM32F4xx_HAL_Driver/Src/stm32f4xx_hal_tim.o
                0x0000000008003dba                HAL_TIM_IRQHandler
 .text.HAL_TIM_ConfigClockSource
                0x0000000008003fca      0x18e ./Drivers/STM32F4xx_HAL_Driver/Src/stm32f4xx_hal_tim.o
                0x0000000008003fca                HAL_TIM_ConfigClockSource
 .text.HAL_TIM_OC_DelayElapsedCallback
                0x0000000008004158       0x14 ./Drivers/STM32F4xx_HAL_Driver/Src/stm32f4xx_hal_tim.o
                0x0000000008004158                HAL_TIM_OC_DelayElapsedCallback
 .text.HAL_TIM_IC_CaptureCallback
                0x000000000800416c       0x14 ./Drivers/STM32F4xx_HAL_Driver/Src/stm32f4xx_hal_tim.o
                0x000000000800416c                HAL_TIM_IC_CaptureCallback
 .text.HAL_TIM_PWM_PulseFinishedCallback
                0x0000000008004180       0x14 ./Drivers/STM32F4xx_HAL_Driver/Src/stm32f4xx_hal_tim.o
                0x0000000008004180                HAL_TIM_PWM_PulseFinishedCallback
 .text.HAL_TIM_TriggerCallback
                0x0000000008004194       0x14 ./Drivers/STM32F4xx_HAL_Driver/Src/stm32f4xx_hal_tim.o
                0x0000000008004194                HAL_TIM_TriggerCallback
 .text.TIM_Base_SetConfig
                0x00000000080041a8      0x100 ./Drivers/STM32F4xx_HAL_Driver/Src/stm32f4xx_hal_tim.o
                0x00000000080041a8                TIM_Base_SetConfig
 .text.TIM_TI1_ConfigInputStage
                0x00000000080042a8       0x5e ./Drivers/STM32F4xx_HAL_Driver/Src/stm32f4xx_hal_tim.o
 .text.TIM_TI2_ConfigInputStage
                0x0000000008004306       0x60 ./Drivers/STM32F4xx_HAL_Driver/Src/stm32f4xx_hal_tim.o
 .text.TIM_ITRx_SetConfig
                0x0000000008004366       0x36 ./Drivers/STM32F4xx_HAL_Driver/Src/stm32f4xx_hal_tim.o
 .text.TIM_ETR_SetConfig
                0x000000000800439c       0x40 ./Drivers/STM32F4xx_HAL_Driver/Src/stm32f4xx_hal_tim.o
                0x000000000800439c                TIM_ETR_SetConfig
 .text.HAL_TIMEx_MasterConfigSynchronization
                0x00000000080043dc       0xdc ./Drivers/STM32F4xx_HAL_Driver/Src/stm32f4xx_hal_tim_ex.o
                0x00000000080043dc                HAL_TIMEx_MasterConfigSynchronization
 .text.HAL_TIMEx_CommutCallback
                0x00000000080044b8       0x14 ./Drivers/STM32F4xx_HAL_Driver/Src/stm32f4xx_hal_tim_ex.o
                0x00000000080044b8                HAL_TIMEx_CommutCallback
 .text.HAL_TIMEx_BreakCallback
                0x00000000080044cc       0x14 ./Drivers/STM32F4xx_HAL_Driver/Src/stm32f4xx_hal_tim_ex.o
                0x00000000080044cc                HAL_TIMEx_BreakCallback
 .text.USB_CoreInit
                0x00000000080044e0       0xc2 ./Drivers/STM32F4xx_HAL_Driver/Src/stm32f4xx_ll_usb.o
                0x00000000080044e0                USB_CoreInit
 *fill*         0x00000000080045a2        0x2 
 .text.USB_SetTurnaroundTime
                0x00000000080045a4      0x144 ./Drivers/STM32F4xx_HAL_Driver/Src/stm32f4xx_ll_usb.o
                0x00000000080045a4                USB_SetTurnaroundTime
 .text.USB_EnableGlobalInt
                0x00000000080046e8       0x22 ./Drivers/STM32F4xx_HAL_Driver/Src/stm32f4xx_ll_usb.o
                0x00000000080046e8                USB_EnableGlobalInt
 .text.USB_DisableGlobalInt
                0x000000000800470a       0x22 ./Drivers/STM32F4xx_HAL_Driver/Src/stm32f4xx_ll_usb.o
                0x000000000800470a                USB_DisableGlobalInt
 .text.USB_SetCurrentMode
                0x000000000800472c       0x98 ./Drivers/STM32F4xx_HAL_Driver/Src/stm32f4xx_ll_usb.o
                0x000000000800472c                USB_SetCurrentMode
 .text.USB_DevInit
                0x00000000080047c4      0x2c8 ./Drivers/STM32F4xx_HAL_Driver/Src/stm32f4xx_ll_usb.o
                0x00000000080047c4                USB_DevInit
 .text.USB_FlushTxFifo
                0x0000000008004a8c       0x68 ./Drivers/STM32F4xx_HAL_Driver/Src/stm32f4xx_ll_usb.o
                0x0000000008004a8c                USB_FlushTxFifo
 .text.USB_FlushRxFifo
                0x0000000008004af4       0x60 ./Drivers/STM32F4xx_HAL_Driver/Src/stm32f4xx_ll_usb.o
                0x0000000008004af4                USB_FlushRxFifo
 .text.USB_SetDevSpeed
                0x0000000008004b54       0x32 ./Drivers/STM32F4xx_HAL_Driver/Src/stm32f4xx_ll_usb.o
                0x0000000008004b54                USB_SetDevSpeed
 .text.USB_GetDevSpeed
                0x0000000008004b86       0x4a ./Drivers/STM32F4xx_HAL_Driver/Src/stm32f4xx_ll_usb.o
                0x0000000008004b86                USB_GetDevSpeed
 .text.USB_ActivateEndpoint
                0x0000000008004bd0      0x10e ./Drivers/STM32F4xx_HAL_Driver/Src/stm32f4xx_ll_usb.o
                0x0000000008004bd0                USB_ActivateEndpoint
 *fill*         0x0000000008004cde        0x2 
 .text.USB_DeactivateEndpoint
                0x0000000008004ce0      0x1b8 ./Drivers/STM32F4xx_HAL_Driver/Src/stm32f4xx_ll_usb.o
                0x0000000008004ce0                USB_DeactivateEndpoint
 .text.USB_EPStartXfer
                0x0000000008004e98      0x490 ./Drivers/STM32F4xx_HAL_Driver/Src/stm32f4xx_ll_usb.o
                0x0000000008004e98                USB_EPStartXfer
 .text.USB_EP0StartXfer
                0x0000000008005328      0x2b0 ./Drivers/STM32F4xx_HAL_Driver/Src/stm32f4xx_ll_usb.o
                0x0000000008005328                USB_EP0StartXfer
 .text.USB_EPStopXfer
                0x00000000080055d8      0x154 ./Drivers/STM32F4xx_HAL_Driver/Src/stm32f4xx_ll_usb.o
                0x00000000080055d8                USB_EPStopXfer
 .text.USB_WritePacket
                0x000000000800572c       0x7c ./Drivers/STM32F4xx_HAL_Driver/Src/stm32f4xx_ll_usb.o
                0x000000000800572c                USB_WritePacket
 .text.USB_ReadPacket
                0x00000000080057a8       0xb0 ./Drivers/STM32F4xx_HAL_Driver/Src/stm32f4xx_ll_usb.o
                0x00000000080057a8                USB_ReadPacket
 .text.USB_EPSetStall
                0x0000000008005858       0xdc ./Drivers/STM32F4xx_HAL_Driver/Src/stm32f4xx_ll_usb.o
                0x0000000008005858                USB_EPSetStall
 .text.USB_EPClearStall
                0x0000000008005934       0xcc ./Drivers/STM32F4xx_HAL_Driver/Src/stm32f4xx_ll_usb.o
                0x0000000008005934                USB_EPClearStall
 .text.USB_SetDevAddress
                0x0000000008005a00       0x4c ./Drivers/STM32F4xx_HAL_Driver/Src/stm32f4xx_ll_usb.o
                0x0000000008005a00                USB_SetDevAddress
 .text.USB_DevConnect
                0x0000000008005a4c       0x42 ./Drivers/STM32F4xx_HAL_Driver/Src/stm32f4xx_ll_usb.o
                0x0000000008005a4c                USB_DevConnect
 .text.USB_DevDisconnect
                0x0000000008005a8e       0x42 ./Drivers/STM32F4xx_HAL_Driver/Src/stm32f4xx_ll_usb.o
                0x0000000008005a8e                USB_DevDisconnect
 .text.USB_ReadInterrupts
                0x0000000008005ad0       0x26 ./Drivers/STM32F4xx_HAL_Driver/Src/stm32f4xx_ll_usb.o
                0x0000000008005ad0                USB_ReadInterrupts
 .text.USB_ReadDevAllOutEpInterrupt
                0x0000000008005af6       0x34 ./Drivers/STM32F4xx_HAL_Driver/Src/stm32f4xx_ll_usb.o
                0x0000000008005af6                USB_ReadDevAllOutEpInterrupt
 .text.USB_ReadDevAllInEpInterrupt
                0x0000000008005b2a       0x34 ./Drivers/STM32F4xx_HAL_Driver/Src/stm32f4xx_ll_usb.o
                0x0000000008005b2a                USB_ReadDevAllInEpInterrupt
 .text.USB_ReadDevOutEPInterrupt
                0x0000000008005b5e       0x3c ./Drivers/STM32F4xx_HAL_Driver/Src/stm32f4xx_ll_usb.o
                0x0000000008005b5e                USB_ReadDevOutEPInterrupt
 .text.USB_ReadDevInEPInterrupt
                0x0000000008005b9a       0x5c ./Drivers/STM32F4xx_HAL_Driver/Src/stm32f4xx_ll_usb.o
                0x0000000008005b9a                USB_ReadDevInEPInterrupt
 .text.USB_GetMode
                0x0000000008005bf6       0x1c ./Drivers/STM32F4xx_HAL_Driver/Src/stm32f4xx_ll_usb.o
                0x0000000008005bf6                USB_GetMode
 .text.USB_ActivateSetup
                0x0000000008005c12       0x46 ./Drivers/STM32F4xx_HAL_Driver/Src/stm32f4xx_ll_usb.o
                0x0000000008005c12                USB_ActivateSetup
 .text.USB_EP0_OutStart
                0x0000000008005c58       0xbc ./Drivers/STM32F4xx_HAL_Driver/Src/stm32f4xx_ll_usb.o
                0x0000000008005c58                USB_EP0_OutStart
 .text.USB_CoreReset
                0x0000000008005d14       0x68 ./Drivers/STM32F4xx_HAL_Driver/Src/stm32f4xx_ll_usb.o
 .text.USBD_CDC_Init
                0x0000000008005d7c      0x1f0 ./Middlewares/ST/STM32_USB_Device_Library/Class/CDC/Src/usbd_cdc.o
 .text.USBD_CDC_DeInit
                0x0000000008005f6c      0x104 ./Middlewares/ST/STM32_USB_Device_Library/Class/CDC/Src/usbd_cdc.o
 .text.USBD_CDC_Setup
                0x0000000008006070      0x1b8 ./Middlewares/ST/STM32_USB_Device_Library/Class/CDC/Src/usbd_cdc.o
 .text.USBD_CDC_DataIn
                0x0000000008006228       0xfe ./Middlewares/ST/STM32_USB_Device_Library/Class/CDC/Src/usbd_cdc.o
 .text.USBD_CDC_DataOut
                0x0000000008006326       0x70 ./Middlewares/ST/STM32_USB_Device_Library/Class/CDC/Src/usbd_cdc.o
 .text.USBD_CDC_EP0_RxReady
                0x0000000008006396       0x76 ./Middlewares/ST/STM32_USB_Device_Library/Class/CDC/Src/usbd_cdc.o
 .text.USBD_CDC_GetFSCfgDesc
                0x000000000800640c       0x70 ./Middlewares/ST/STM32_USB_Device_Library/Class/CDC/Src/usbd_cdc.o
 .text.USBD_CDC_GetHSCfgDesc
                0x000000000800647c       0x70 ./Middlewares/ST/STM32_USB_Device_Library/Class/CDC/Src/usbd_cdc.o
 .text.USBD_CDC_GetOtherSpeedCfgDesc
                0x00000000080064ec       0x70 ./Middlewares/ST/STM32_USB_Device_Library/Class/CDC/Src/usbd_cdc.o
 .text.USBD_CDC_GetDeviceQualifierDescriptor
                0x000000000800655c       0x20 ./Middlewares/ST/STM32_USB_Device_Library/Class/CDC/Src/usbd_cdc.o
                0x000000000800655c                USBD_CDC_GetDeviceQualifierDescriptor
 .text.USBD_CDC_RegisterInterface
                0x000000000800657c       0x34 ./Middlewares/ST/STM32_USB_Device_Library/Class/CDC/Src/usbd_cdc.o
                0x000000000800657c                USBD_CDC_RegisterInterface
 .text.USBD_CDC_SetTxBuffer
                0x00000000080065b0       0x44 ./Middlewares/ST/STM32_USB_Device_Library/Class/CDC/Src/usbd_cdc.o
                0x00000000080065b0                USBD_CDC_SetTxBuffer
 .text.USBD_CDC_SetRxBuffer
                0x00000000080065f4       0x3a ./Middlewares/ST/STM32_USB_Device_Library/Class/CDC/Src/usbd_cdc.o
                0x00000000080065f4                USBD_CDC_SetRxBuffer
 *fill*         0x000000000800662e        0x2 
 .text.USBD_CDC_TransmitPacket
                0x0000000008006630       0x8c ./Middlewares/ST/STM32_USB_Device_Library/Class/CDC/Src/usbd_cdc.o
                0x0000000008006630                USBD_CDC_TransmitPacket
 .text.USBD_CDC_ReceivePacket
                0x00000000080066bc       0x6c ./Middlewares/ST/STM32_USB_Device_Library/Class/CDC/Src/usbd_cdc.o
                0x00000000080066bc                USBD_CDC_ReceivePacket
 .text.USBD_Init
                0x0000000008006728       0x60 ./Middlewares/ST/STM32_USB_Device_Library/Core/Src/usbd_core.o
                0x0000000008006728                USBD_Init
 .text.USBD_RegisterClass
                0x0000000008006788       0x6c ./Middlewares/ST/STM32_USB_Device_Library/Core/Src/usbd_core.o
                0x0000000008006788                USBD_RegisterClass
 .text.USBD_Start
                0x00000000080067f4       0x18 ./Middlewares/ST/STM32_USB_Device_Library/Core/Src/usbd_core.o
                0x00000000080067f4                USBD_Start
 .text.USBD_RunTestMode
                0x000000000800680c       0x16 ./Middlewares/ST/STM32_USB_Device_Library/Core/Src/usbd_core.o
                0x000000000800680c                USBD_RunTestMode
 .text.USBD_SetClassConfig
                0x0000000008006822       0x38 ./Middlewares/ST/STM32_USB_Device_Library/Core/Src/usbd_core.o
                0x0000000008006822                USBD_SetClassConfig
 .text.USBD_ClrClassConfig
                0x000000000800685a       0x34 ./Middlewares/ST/STM32_USB_Device_Library/Core/Src/usbd_core.o
                0x000000000800685a                USBD_ClrClassConfig
 .text.USBD_LL_SetupStage
                0x000000000800688e       0xaa ./Middlewares/ST/STM32_USB_Device_Library/Core/Src/usbd_core.o
                0x000000000800688e                USBD_LL_SetupStage
 .text.USBD_LL_DataOutStage
                0x0000000008006938      0x166 ./Middlewares/ST/STM32_USB_Device_Library/Core/Src/usbd_core.o
                0x0000000008006938                USBD_LL_DataOutStage
 .text.USBD_LL_DataInStage
                0x0000000008006a9e      0x164 ./Middlewares/ST/STM32_USB_Device_Library/Core/Src/usbd_core.o
                0x0000000008006a9e                USBD_LL_DataInStage
 .text.USBD_LL_Reset
                0x0000000008006c02       0xa4 ./Middlewares/ST/STM32_USB_Device_Library/Core/Src/usbd_core.o
                0x0000000008006c02                USBD_LL_Reset
 .text.USBD_LL_SetSpeed
                0x0000000008006ca6       0x20 ./Middlewares/ST/STM32_USB_Device_Library/Core/Src/usbd_core.o
                0x0000000008006ca6                USBD_LL_SetSpeed
 .text.USBD_LL_Suspend
                0x0000000008006cc6       0x2c ./Middlewares/ST/STM32_USB_Device_Library/Core/Src/usbd_core.o
                0x0000000008006cc6                USBD_LL_Suspend
 .text.USBD_LL_Resume
                0x0000000008006cf2       0x30 ./Middlewares/ST/STM32_USB_Device_Library/Core/Src/usbd_core.o
                0x0000000008006cf2                USBD_LL_Resume
 .text.USBD_LL_SOF
                0x0000000008006d22       0x40 ./Middlewares/ST/STM32_USB_Device_Library/Core/Src/usbd_core.o
                0x0000000008006d22                USBD_LL_SOF
 .text.USBD_LL_IsoINIncomplete
                0x0000000008006d62       0x64 ./Middlewares/ST/STM32_USB_Device_Library/Core/Src/usbd_core.o
                0x0000000008006d62                USBD_LL_IsoINIncomplete
 .text.USBD_LL_IsoOUTIncomplete
                0x0000000008006dc6       0x64 ./Middlewares/ST/STM32_USB_Device_Library/Core/Src/usbd_core.o
                0x0000000008006dc6                USBD_LL_IsoOUTIncomplete
 .text.USBD_LL_DevConnected
                0x0000000008006e2a       0x16 ./Middlewares/ST/STM32_USB_Device_Library/Core/Src/usbd_core.o
                0x0000000008006e2a                USBD_LL_DevConnected
 .text.USBD_LL_DevDisconnected
                0x0000000008006e40       0x46 ./Middlewares/ST/STM32_USB_Device_Library/Core/Src/usbd_core.o
                0x0000000008006e40                USBD_LL_DevDisconnected
 .text.USBD_CoreFindIF
                0x0000000008006e86       0x1a ./Middlewares/ST/STM32_USB_Device_Library/Core/Src/usbd_core.o
                0x0000000008006e86                USBD_CoreFindIF
 .text.USBD_CoreFindEP
                0x0000000008006ea0       0x1a ./Middlewares/ST/STM32_USB_Device_Library/Core/Src/usbd_core.o
                0x0000000008006ea0                USBD_CoreFindEP
 .text.USBD_GetEpDesc
                0x0000000008006eba       0x74 ./Middlewares/ST/STM32_USB_Device_Library/Core/Src/usbd_core.o
                0x0000000008006eba                USBD_GetEpDesc
 .text.USBD_GetNextDesc
                0x0000000008006f2e       0x3a ./Middlewares/ST/STM32_USB_Device_Library/Core/Src/usbd_core.o
                0x0000000008006f2e                USBD_GetNextDesc
 .text.SWAPBYTE
                0x0000000008006f68       0x3c ./Middlewares/ST/STM32_USB_Device_Library/Core/Src/usbd_ctlreq.o
 .text.USBD_StdDevReq
                0x0000000008006fa4       0xe4 ./Middlewares/ST/STM32_USB_Device_Library/Core/Src/usbd_ctlreq.o
                0x0000000008006fa4                USBD_StdDevReq
 .text.USBD_StdItfReq
                0x0000000008007088       0xd8 ./Middlewares/ST/STM32_USB_Device_Library/Core/Src/usbd_ctlreq.o
                0x0000000008007088                USBD_StdItfReq
 .text.USBD_StdEPReq
                0x0000000008007160      0x33a ./Middlewares/ST/STM32_USB_Device_Library/Core/Src/usbd_ctlreq.o
                0x0000000008007160                USBD_StdEPReq
 *fill*         0x000000000800749a        0x2 
 .text.USBD_GetDescriptor
                0x000000000800749c      0x2d4 ./Middlewares/ST/STM32_USB_Device_Library/Core/Src/usbd_ctlreq.o
 .text.USBD_SetAddress
                0x0000000008007770       0x88 ./Middlewares/ST/STM32_USB_Device_Library/Core/Src/usbd_ctlreq.o
 .text.USBD_SetConfig
                0x00000000080077f8      0x154 ./Middlewares/ST/STM32_USB_Device_Library/Core/Src/usbd_ctlreq.o
 .text.USBD_GetConfig
                0x000000000800794c       0x6c ./Middlewares/ST/STM32_USB_Device_Library/Core/Src/usbd_ctlreq.o
 .text.USBD_GetStatus
                0x00000000080079b8       0x68 ./Middlewares/ST/STM32_USB_Device_Library/Core/Src/usbd_ctlreq.o
 .text.USBD_SetFeature
                0x0000000008007a20       0x52 ./Middlewares/ST/STM32_USB_Device_Library/Core/Src/usbd_ctlreq.o
 .text.USBD_ClrFeature
                0x0000000008007a72       0x44 ./Middlewares/ST/STM32_USB_Device_Library/Core/Src/usbd_ctlreq.o
 .text.USBD_ParseSetupRequest
                0x0000000008007ab6       0x74 ./Middlewares/ST/STM32_USB_Device_Library/Core/Src/usbd_ctlreq.o
                0x0000000008007ab6                USBD_ParseSetupRequest
 .text.USBD_CtlError
                0x0000000008007b2a       0x22 ./Middlewares/ST/STM32_USB_Device_Library/Core/Src/usbd_ctlreq.o
                0x0000000008007b2a                USBD_CtlError
 .text.USBD_GetString
                0x0000000008007b4c       0x8c ./Middlewares/ST/STM32_USB_Device_Library/Core/Src/usbd_ctlreq.o
                0x0000000008007b4c                USBD_GetString
 .text.USBD_GetLen
                0x0000000008007bd8       0x34 ./Middlewares/ST/STM32_USB_Device_Library/Core/Src/usbd_ctlreq.o
 .text.USBD_CtlSendData
                0x0000000008007c0c       0x36 ./Middlewares/ST/STM32_USB_Device_Library/Core/Src/usbd_ioreq.o
                0x0000000008007c0c                USBD_CtlSendData
 .text.USBD_CtlContinueSendData
                0x0000000008007c42       0x22 ./Middlewares/ST/STM32_USB_Device_Library/Core/Src/usbd_ioreq.o
                0x0000000008007c42                USBD_CtlContinueSendData
 .text.USBD_CtlPrepareRx
                0x0000000008007c64       0x3a ./Middlewares/ST/STM32_USB_Device_Library/Core/Src/usbd_ioreq.o
                0x0000000008007c64                USBD_CtlPrepareRx
 .text.USBD_CtlContinueRx
                0x0000000008007c9e       0x22 ./Middlewares/ST/STM32_USB_Device_Library/Core/Src/usbd_ioreq.o
                0x0000000008007c9e                USBD_CtlContinueRx
 .text.USBD_CtlSendStatus
                0x0000000008007cc0       0x26 ./Middlewares/ST/STM32_USB_Device_Library/Core/Src/usbd_ioreq.o
                0x0000000008007cc0                USBD_CtlSendStatus
 .text.USBD_CtlReceiveStatus
                0x0000000008007ce6       0x26 ./Middlewares/ST/STM32_USB_Device_Library/Core/Src/usbd_ioreq.o
                0x0000000008007ce6                USBD_CtlReceiveStatus
 .text.MX_USB_DEVICE_Init
                0x0000000008007d0c       0x60 ./USB_DEVICE/App/usb_device.o
                0x0000000008007d0c                MX_USB_DEVICE_Init
 .text.CDC_Init_FS
                0x0000000008007d6c       0x28 ./USB_DEVICE/App/usbd_cdc_if.o
 .text.CDC_DeInit_FS
                0x0000000008007d94       0x10 ./USB_DEVICE/App/usbd_cdc_if.o
 .text.CDC_Control_FS
                0x0000000008007da4       0xbc ./USB_DEVICE/App/usbd_cdc_if.o
 .text.CDC_Receive_FS
                0x0000000008007e60       0x54 ./USB_DEVICE/App/usbd_cdc_if.o
 .text.CDC_Transmit_FS
                0x0000000008007eb4       0x4c ./USB_DEVICE/App/usbd_cdc_if.o
                0x0000000008007eb4                CDC_Transmit_FS
 .text.CDC_TransmitCplt_FS
                0x0000000008007f00       0x22 ./USB_DEVICE/App/usbd_cdc_if.o
 *fill*         0x0000000008007f22        0x2 
 .text.USBD_FS_DeviceDescriptor
                0x0000000008007f24       0x24 ./USB_DEVICE/App/usbd_desc.o
                0x0000000008007f24                USBD_FS_DeviceDescriptor
 .text.USBD_FS_LangIDStrDescriptor
                0x0000000008007f48       0x24 ./USB_DEVICE/App/usbd_desc.o
                0x0000000008007f48                USBD_FS_LangIDStrDescriptor
 .text.USBD_FS_ProductStrDescriptor
                0x0000000008007f6c       0x3c ./USB_DEVICE/App/usbd_desc.o
                0x0000000008007f6c                USBD_FS_ProductStrDescriptor
 .text.USBD_FS_ManufacturerStrDescriptor
                0x0000000008007fa8       0x28 ./USB_DEVICE/App/usbd_desc.o
                0x0000000008007fa8                USBD_FS_ManufacturerStrDescriptor
 .text.USBD_FS_SerialStrDescriptor
                0x0000000008007fd0       0x24 ./USB_DEVICE/App/usbd_desc.o
                0x0000000008007fd0                USBD_FS_SerialStrDescriptor
 .text.USBD_FS_ConfigStrDescriptor
                0x0000000008007ff4       0x3c ./USB_DEVICE/App/usbd_desc.o
                0x0000000008007ff4                USBD_FS_ConfigStrDescriptor
 .text.USBD_FS_InterfaceStrDescriptor
                0x0000000008008030       0x3c ./USB_DEVICE/App/usbd_desc.o
                0x0000000008008030                USBD_FS_InterfaceStrDescriptor
 .text.Get_SerialNum
                0x000000000800806c       0x58 ./USB_DEVICE/App/usbd_desc.o
 .text.IntToUnicode
                0x00000000080080c4       0x7e ./USB_DEVICE/App/usbd_desc.o
 *fill*         0x0000000008008142        0x2 
 .text.HAL_PCD_MspInit
                0x0000000008008144       0xa8 ./USB_DEVICE/Target/usbd_conf.o
                0x0000000008008144                HAL_PCD_MspInit
 .text.HAL_PCD_SetupStageCallback
                0x00000000080081ec       0x24 ./USB_DEVICE/Target/usbd_conf.o
                0x00000000080081ec                HAL_PCD_SetupStageCallback
 .text.HAL_PCD_DataOutStageCallback
                0x0000000008008210       0x36 ./USB_DEVICE/Target/usbd_conf.o
                0x0000000008008210                HAL_PCD_DataOutStageCallback
 .text.HAL_PCD_DataInStageCallback
                0x0000000008008246       0x34 ./USB_DEVICE/Target/usbd_conf.o
                0x0000000008008246                HAL_PCD_DataInStageCallback
 .text.HAL_PCD_SOFCallback
                0x000000000800827a       0x1c ./USB_DEVICE/Target/usbd_conf.o
                0x000000000800827a                HAL_PCD_SOFCallback
 .text.HAL_PCD_ResetCallback
                0x0000000008008296       0x3c ./USB_DEVICE/Target/usbd_conf.o
                0x0000000008008296                HAL_PCD_ResetCallback
 *fill*         0x00000000080082d2        0x2 
 .text.HAL_PCD_SuspendCallback
                0x00000000080082d4       0x4c ./USB_DEVICE/Target/usbd_conf.o
                0x00000000080082d4                HAL_PCD_SuspendCallback
 .text.HAL_PCD_ResumeCallback
                0x0000000008008320       0x1c ./USB_DEVICE/Target/usbd_conf.o
                0x0000000008008320                HAL_PCD_ResumeCallback
 .text.HAL_PCD_ISOOUTIncompleteCallback
                0x000000000800833c       0x24 ./USB_DEVICE/Target/usbd_conf.o
                0x000000000800833c                HAL_PCD_ISOOUTIncompleteCallback
 .text.HAL_PCD_ISOINIncompleteCallback
                0x0000000008008360       0x24 ./USB_DEVICE/Target/usbd_conf.o
                0x0000000008008360                HAL_PCD_ISOINIncompleteCallback
 .text.HAL_PCD_ConnectCallback
                0x0000000008008384       0x1c ./USB_DEVICE/Target/usbd_conf.o
                0x0000000008008384                HAL_PCD_ConnectCallback
 .text.HAL_PCD_DisconnectCallback
                0x00000000080083a0       0x1c ./USB_DEVICE/Target/usbd_conf.o
                0x00000000080083a0                HAL_PCD_DisconnectCallback
 .text.USBD_LL_Init
                0x00000000080083bc       0x98 ./USB_DEVICE/Target/usbd_conf.o
                0x00000000080083bc                USBD_LL_Init
 .text.USBD_LL_Start
                0x0000000008008454       0x36 ./USB_DEVICE/Target/usbd_conf.o
                0x0000000008008454                USBD_LL_Start
 .text.USBD_LL_OpenEP
                0x000000000800848a       0x4c ./USB_DEVICE/Target/usbd_conf.o
                0x000000000800848a                USBD_LL_OpenEP
 .text.USBD_LL_CloseEP
                0x00000000080084d6       0x3e ./USB_DEVICE/Target/usbd_conf.o
                0x00000000080084d6                USBD_LL_CloseEP
 .text.USBD_LL_StallEP
                0x0000000008008514       0x3e ./USB_DEVICE/Target/usbd_conf.o
                0x0000000008008514                USBD_LL_StallEP
 .text.USBD_LL_ClearStallEP
                0x0000000008008552       0x3e ./USB_DEVICE/Target/usbd_conf.o
                0x0000000008008552                USBD_LL_ClearStallEP
 .text.USBD_LL_IsStallEP
                0x0000000008008590       0x58 ./USB_DEVICE/Target/usbd_conf.o
                0x0000000008008590                USBD_LL_IsStallEP
 .text.USBD_LL_SetUSBAddress
                0x00000000080085e8       0x3e ./USB_DEVICE/Target/usbd_conf.o
                0x00000000080085e8                USBD_LL_SetUSBAddress
 .text.USBD_LL_Transmit
                0x0000000008008626       0x42 ./USB_DEVICE/Target/usbd_conf.o
                0x0000000008008626                USBD_LL_Transmit
 .text.USBD_LL_PrepareReceive
                0x0000000008008668       0x42 ./USB_DEVICE/Target/usbd_conf.o
                0x0000000008008668                USBD_LL_PrepareReceive
 .text.USBD_LL_GetRxDataSize
                0x00000000080086aa       0x26 ./USB_DEVICE/Target/usbd_conf.o
                0x00000000080086aa                USBD_LL_GetRxDataSize
 .text.USBD_static_malloc
                0x00000000080086d0       0x1c ./USB_DEVICE/Target/usbd_conf.o
                0x00000000080086d0                USBD_static_malloc
 .text.USBD_static_free
                0x00000000080086ec       0x14 ./USB_DEVICE/Target/usbd_conf.o
                0x00000000080086ec                USBD_static_free
 .text.USBD_Get_USB_Status
                0x0000000008008700       0x58 ./USB_DEVICE/Target/usbd_conf.o
                0x0000000008008700                USBD_Get_USB_Status
 .text.atoi     0x0000000008008758        0x8 c:/st/stm32cubeide_1.10.1/stm32cubeide/plugins/com.st.stm32cube.ide.mcu.externaltools.gnu-tools-for-stm32.10.3-2021.10.win32_1.0.0.202111181127/tools/bin/../lib/gcc/arm-none-eabi/10.3.1/../../../../arm-none-eabi/lib/thumb/v7e-m+fp/hard\libc_nano.a(lib_a-atoi.o)
                0x0000000008008758                atoi
 .text.__errno  0x0000000008008760        0xc c:/st/stm32cubeide_1.10.1/stm32cubeide/plugins/com.st.stm32cube.ide.mcu.externaltools.gnu-tools-for-stm32.10.3-2021.10.win32_1.0.0.202111181127/tools/bin/../lib/gcc/arm-none-eabi/10.3.1/../../../../arm-none-eabi/lib/thumb/v7e-m+fp/hard\libc_nano.a(lib_a-errno.o)
                0x0000000008008760                __errno
 .text.__libc_init_array
                0x000000000800876c       0x48 c:/st/stm32cubeide_1.10.1/stm32cubeide/plugins/com.st.stm32cube.ide.mcu.externaltools.gnu-tools-for-stm32.10.3-2021.10.win32_1.0.0.202111181127/tools/bin/../lib/gcc/arm-none-eabi/10.3.1/../../../../arm-none-eabi/lib/thumb/v7e-m+fp/hard\libc_nano.a(lib_a-init.o)
                0x000000000800876c                __libc_init_array
 .text.memcpy   0x00000000080087b4       0x1c c:/st/stm32cubeide_1.10.1/stm32cubeide/plugins/com.st.stm32cube.ide.mcu.externaltools.gnu-tools-for-stm32.10.3-2021.10.win32_1.0.0.202111181127/tools/bin/../lib/gcc/arm-none-eabi/10.3.1/../../../../arm-none-eabi/lib/thumb/v7e-m+fp/hard\libc_nano.a(lib_a-memcpy-stub.o)
                0x00000000080087b4                memcpy
 .text.memset   0x00000000080087d0       0x10 c:/st/stm32cubeide_1.10.1/stm32cubeide/plugins/com.st.stm32cube.ide.mcu.externaltools.gnu-tools-for-stm32.10.3-2021.10.win32_1.0.0.202111181127/tools/bin/../lib/gcc/arm-none-eabi/10.3.1/../../../../arm-none-eabi/lib/thumb/v7e-m+fp/hard\libc_nano.a(lib_a-memset.o)
                0x00000000080087d0                memset
 .text.strstr   0x00000000080087e0       0x2c c:/st/stm32cubeide_1.10.1/stm32cubeide/plugins/com.st.stm32cube.ide.mcu.externaltools.gnu-tools-for-stm32.10.3-2021.10.win32_1.0.0.202111181127/tools/bin/../lib/gcc/arm-none-eabi/10.3.1/../../../../arm-none-eabi/lib/thumb/v7e-m+fp/hard\libc_nano.a(lib_a-strstr.o)
                0x00000000080087e0                strstr
 .text._strtol_l.constprop.0
                0x000000000800880c      0x104 c:/st/stm32cubeide_1.10.1/stm32cubeide/plugins/com.st.stm32cube.ide.mcu.externaltools.gnu-tools-for-stm32.10.3-2021.10.win32_1.0.0.202111181127/tools/bin/../lib/gcc/arm-none-eabi/10.3.1/../../../../arm-none-eabi/lib/thumb/v7e-m+fp/hard\libc_nano.a(lib_a-strtol.o)
 .text.strtol   0x0000000008008910       0x14 c:/st/stm32cubeide_1.10.1/stm32cubeide/plugins/com.st.stm32cube.ide.mcu.externaltools.gnu-tools-for-stm32.10.3-2021.10.win32_1.0.0.202111181127/tools/bin/../lib/gcc/arm-none-eabi/10.3.1/../../../../arm-none-eabi/lib/thumb/v7e-m+fp/hard\libc_nano.a(lib_a-strtol.o)
                0x0000000008008910                strtol
 *(.glue_7)
 .glue_7        0x0000000008008924        0x0 linker stubs
 *(.glue_7t)
 .glue_7t       0x0000000008008924        0x0 linker stubs
 *(.eh_frame)
 .eh_frame      0x0000000008008924        0x0 c:/st/stm32cubeide_1.10.1/stm32cubeide/plugins/com.st.stm32cube.ide.mcu.externaltools.gnu-tools-for-stm32.10.3-2021.10.win32_1.0.0.202111181127/tools/bin/../lib/gcc/arm-none-eabi/10.3.1/thumb/v7e-m+fp/hard/crtbegin.o
 *(.init)
 .init          0x0000000008008924        0x4 c:/st/stm32cubeide_1.10.1/stm32cubeide/plugins/com.st.stm32cube.ide.mcu.externaltools.gnu-tools-for-stm32.10.3-2021.10.win32_1.0.0.202111181127/tools/bin/../lib/gcc/arm-none-eabi/10.3.1/thumb/v7e-m+fp/hard/crti.o
                0x0000000008008924                _init
 .init          0x0000000008008928        0x8 c:/st/stm32cubeide_1.10.1/stm32cubeide/plugins/com.st.stm32cube.ide.mcu.externaltools.gnu-tools-for-stm32.10.3-2021.10.win32_1.0.0.202111181127/tools/bin/../lib/gcc/arm-none-eabi/10.3.1/thumb/v7e-m+fp/hard/crtn.o
 *(.fini)
 .fini          0x0000000008008930        0x4 c:/st/stm32cubeide_1.10.1/stm32cubeide/plugins/com.st.stm32cube.ide.mcu.externaltools.gnu-tools-for-stm32.10.3-2021.10.win32_1.0.0.202111181127/tools/bin/../lib/gcc/arm-none-eabi/10.3.1/thumb/v7e-m+fp/hard/crti.o
                0x0000000008008930                _fini
 .fini          0x0000000008008934        0x8 c:/st/stm32cubeide_1.10.1/stm32cubeide/plugins/com.st.stm32cube.ide.mcu.externaltools.gnu-tools-for-stm32.10.3-2021.10.win32_1.0.0.202111181127/tools/bin/../lib/gcc/arm-none-eabi/10.3.1/thumb/v7e-m+fp/hard/crtn.o
                0x000000000800893c                . = ALIGN (0x4)
                0x000000000800893c                _etext = .

.vfp11_veneer   0x000000000800893c        0x0
 .vfp11_veneer  0x000000000800893c        0x0 linker stubs

.v4_bx          0x000000000800893c        0x0
 .v4_bx         0x000000000800893c        0x0 linker stubs

.iplt           0x000000000800893c        0x0
 .iplt          0x000000000800893c        0x0 c:/st/stm32cubeide_1.10.1/stm32cubeide/plugins/com.st.stm32cube.ide.mcu.externaltools.gnu-tools-for-stm32.10.3-2021.10.win32_1.0.0.202111181127/tools/bin/../lib/gcc/arm-none-eabi/10.3.1/thumb/v7e-m+fp/hard/crtbegin.o

.rodata         0x000000000800893c      0x1f8
                0x000000000800893c                . = ALIGN (0x4)
 *(.rodata)
 .rodata        0x000000000800893c       0x9b ./Core/Src/main.o
 *fill*         0x00000000080089d7        0x1 
 .rodata        0x00000000080089d8       0x46 ./USB_DEVICE/App/usbd_desc.o
 *(.rodata*)
 *fill*         0x0000000008008a1e        0x2 
 .rodata.AHBPrescTable
                0x0000000008008a20       0x10 ./Core/Src/system_stm32f4xx.o
                0x0000000008008a20                AHBPrescTable
 .rodata._ctype_
                0x0000000008008a30      0x101 c:/st/stm32cubeide_1.10.1/stm32cubeide/plugins/com.st.stm32cube.ide.mcu.externaltools.gnu-tools-for-stm32.10.3-2021.10.win32_1.0.0.202111181127/tools/bin/../lib/gcc/arm-none-eabi/10.3.1/../../../../arm-none-eabi/lib/thumb/v7e-m+fp/hard\libc_nano.a(lib_a-ctype_.o)
                0x0000000008008a30                _ctype_
                0x0000000008008b34                . = ALIGN (0x4)
 *fill*         0x0000000008008b31        0x3 

.ARM.extab      0x0000000008008b34        0x0
                0x0000000008008b34                . = ALIGN (0x4)
 *(.ARM.extab* .gnu.linkonce.armextab.*)
                0x0000000008008b34                . = ALIGN (0x4)

.ARM            0x0000000008008b34        0x8
                0x0000000008008b34                . = ALIGN (0x4)
                0x0000000008008b34                __exidx_start = .
 *(.ARM.exidx*)
 .ARM.exidx     0x0000000008008b34        0x8 c:/st/stm32cubeide_1.10.1/stm32cubeide/plugins/com.st.stm32cube.ide.mcu.externaltools.gnu-tools-for-stm32.10.3-2021.10.win32_1.0.0.202111181127/tools/bin/../lib/gcc/arm-none-eabi/10.3.1/thumb/v7e-m+fp/hard\libgcc.a(_udivmoddi4.o)
                0x0000000008008b3c                __exidx_end = .
                0x0000000008008b3c                . = ALIGN (0x4)

.rel.dyn        0x0000000008008b3c        0x0
 .rel.iplt      0x0000000008008b3c        0x0 c:/st/stm32cubeide_1.10.1/stm32cubeide/plugins/com.st.stm32cube.ide.mcu.externaltools.gnu-tools-for-stm32.10.3-2021.10.win32_1.0.0.202111181127/tools/bin/../lib/gcc/arm-none-eabi/10.3.1/thumb/v7e-m+fp/hard/crtbegin.o

.preinit_array  0x0000000008008b3c        0x0
                0x0000000008008b3c                . = ALIGN (0x4)
                0x0000000008008b3c                PROVIDE (__preinit_array_start = .)
 *(.preinit_array*)
                0x0000000008008b3c                PROVIDE (__preinit_array_end = .)
                0x0000000008008b3c                . = ALIGN (0x4)

.init_array     0x0000000008008b3c        0x4
                0x0000000008008b3c                . = ALIGN (0x4)
                0x0000000008008b3c                PROVIDE (__init_array_start = .)
 *(SORT_BY_NAME(.init_array.*))
 *(.init_array*)
 .init_array    0x0000000008008b3c        0x4 c:/st/stm32cubeide_1.10.1/stm32cubeide/plugins/com.st.stm32cube.ide.mcu.externaltools.gnu-tools-for-stm32.10.3-2021.10.win32_1.0.0.202111181127/tools/bin/../lib/gcc/arm-none-eabi/10.3.1/thumb/v7e-m+fp/hard/crtbegin.o
                0x0000000008008b40                PROVIDE (__init_array_end = .)
                0x0000000008008b40                . = ALIGN (0x4)

.fini_array     0x0000000008008b40        0x4
                0x0000000008008b40                . = ALIGN (0x4)
                [!provide]                        PROVIDE (__fini_array_start = .)
 *(SORT_BY_NAME(.fini_array.*))
 *(.fini_array*)
 .fini_array    0x0000000008008b40        0x4 c:/st/stm32cubeide_1.10.1/stm32cubeide/plugins/com.st.stm32cube.ide.mcu.externaltools.gnu-tools-for-stm32.10.3-2021.10.win32_1.0.0.202111181127/tools/bin/../lib/gcc/arm-none-eabi/10.3.1/thumb/v7e-m+fp/hard/crtbegin.o
                [!provide]                        PROVIDE (__fini_array_end = .)
                0x0000000008008b44                . = ALIGN (0x4)
                0x0000000008008b44                _sidata = LOADADDR (.data)

.data           0x0000000020000000      0x194 load address 0x0000000008008b44
                0x0000000020000000                . = ALIGN (0x4)
                0x0000000020000000                _sdata = .
 *(.data)
 *(.data*)
 .data.str_CAMBIAR_A_MODO
                0x0000000020000000        0x4 ./Core/Src/main.o
                0x0000000020000000                str_CAMBIAR_A_MODO
 .data.str_ESPERA
                0x0000000020000004        0x4 ./Core/Src/main.o
                0x0000000020000004                str_ESPERA
 .data.str_MANUAL
                0x0000000020000008        0x4 ./Core/Src/main.o
                0x0000000020000008                str_MANUAL
 .data.str_HORARIO
                0x000000002000000c        0x4 ./Core/Src/main.o
                0x000000002000000c                str_HORARIO
 .data.str_AUTOMATICO
                0x0000000020000010        0x4 ./Core/Src/main.o
                0x0000000020000010                str_AUTOMATICO
 .data.str_ENCENDER_POR
                0x0000000020000014        0x4 ./Core/Src/main.o
                0x0000000020000014                str_ENCENDER_POR
 .data.str_APAGAR
                0x0000000020000018        0x4 ./Core/Src/main.o
                0x0000000020000018                str_APAGAR
 .data.state_table
                0x000000002000001c       0x18 ./Core/Src/main.o
 .data.SystemCoreClock
                0x0000000020000034        0x4 ./Core/Src/system_stm32f4xx.o
                0x0000000020000034                SystemCoreClock
 .data.uwTickPrio
                0x0000000020000038        0x4 ./Drivers/STM32F4xx_HAL_Driver/Src/stm32f4xx_hal.o
                0x0000000020000038                uwTickPrio
 .data.uwTickFreq
                0x000000002000003c        0x1 ./Drivers/STM32F4xx_HAL_Driver/Src/stm32f4xx_hal.o
                0x000000002000003c                uwTickFreq
 *fill*         0x000000002000003d        0x3 
 .data.USBD_CDC_DeviceQualifierDesc
                0x0000000020000040        0xa ./Middlewares/ST/STM32_USB_Device_Library/Class/CDC/Src/usbd_cdc.o
 *fill*         0x000000002000004a        0x2 
 .data.USBD_CDC
                0x000000002000004c       0x38 ./Middlewares/ST/STM32_USB_Device_Library/Class/CDC/Src/usbd_cdc.o
                0x000000002000004c                USBD_CDC
 .data.USBD_CDC_CfgDesc
                0x0000000020000084       0x43 ./Middlewares/ST/STM32_USB_Device_Library/Class/CDC/Src/usbd_cdc.o
 .data.CDCInEpAdd
                0x00000000200000c7        0x1 ./Middlewares/ST/STM32_USB_Device_Library/Class/CDC/Src/usbd_cdc.o
 .data.CDCOutEpAdd
                0x00000000200000c8        0x1 ./Middlewares/ST/STM32_USB_Device_Library/Class/CDC/Src/usbd_cdc.o
 .data.CDCCmdEpAdd
                0x00000000200000c9        0x1 ./Middlewares/ST/STM32_USB_Device_Library/Class/CDC/Src/usbd_cdc.o
 *fill*         0x00000000200000ca        0x2 
 .data.USBD_Interface_fops_FS
                0x00000000200000cc       0x14 ./USB_DEVICE/App/usbd_cdc_if.o
                0x00000000200000cc                USBD_Interface_fops_FS
 .data.FS_Desc  0x00000000200000e0       0x1c ./USB_DEVICE/App/usbd_desc.o
                0x00000000200000e0                FS_Desc
 .data.USBD_FS_DeviceDesc
                0x00000000200000fc       0x12 ./USB_DEVICE/App/usbd_desc.o
                0x00000000200000fc                USBD_FS_DeviceDesc
 *fill*         0x000000002000010e        0x2 
 .data.USBD_LangIDDesc
                0x0000000020000110        0x4 ./USB_DEVICE/App/usbd_desc.o
                0x0000000020000110                USBD_LangIDDesc
 .data.USBD_StringSerial
                0x0000000020000114       0x1a ./USB_DEVICE/App/usbd_desc.o
                0x0000000020000114                USBD_StringSerial
 *fill*         0x000000002000012e        0x2 
 .data._impure_ptr
                0x0000000020000130        0x4 c:/st/stm32cubeide_1.10.1/stm32cubeide/plugins/com.st.stm32cube.ide.mcu.externaltools.gnu-tools-for-stm32.10.3-2021.10.win32_1.0.0.202111181127/tools/bin/../lib/gcc/arm-none-eabi/10.3.1/../../../../arm-none-eabi/lib/thumb/v7e-m+fp/hard\libc_nano.a(lib_a-impure.o)
                0x0000000020000130                _impure_ptr
 .data.impure_data
                0x0000000020000134       0x60 c:/st/stm32cubeide_1.10.1/stm32cubeide/plugins/com.st.stm32cube.ide.mcu.externaltools.gnu-tools-for-stm32.10.3-2021.10.win32_1.0.0.202111181127/tools/bin/../lib/gcc/arm-none-eabi/10.3.1/../../../../arm-none-eabi/lib/thumb/v7e-m+fp/hard\libc_nano.a(lib_a-impure.o)
 *(.RamFunc)
 *(.RamFunc*)
                0x0000000020000194                . = ALIGN (0x4)
                0x0000000020000194                _edata = .

.igot.plt       0x0000000020000194        0x0 load address 0x0000000008008cd8
 .igot.plt      0x0000000020000194        0x0 c:/st/stm32cubeide_1.10.1/stm32cubeide/plugins/com.st.stm32cube.ide.mcu.externaltools.gnu-tools-for-stm32.10.3-2021.10.win32_1.0.0.202111181127/tools/bin/../lib/gcc/arm-none-eabi/10.3.1/thumb/v7e-m+fp/hard/crtbegin.o
                0x0000000020000194                . = ALIGN (0x4)

.bss            0x0000000020000194     0x1dac load address 0x0000000008008cd8
                0x0000000020000194                _sbss = .
                0x0000000020000194                __bss_start__ = _sbss
 *(.bss)
 .bss           0x0000000020000194       0x1c c:/st/stm32cubeide_1.10.1/stm32cubeide/plugins/com.st.stm32cube.ide.mcu.externaltools.gnu-tools-for-stm32.10.3-2021.10.win32_1.0.0.202111181127/tools/bin/../lib/gcc/arm-none-eabi/10.3.1/thumb/v7e-m+fp/hard/crtbegin.o
 *(.bss*)
 .bss.hadc1     0x00000000200001b0       0x48 ./Core/Src/main.o
                0x00000000200001b0                hadc1
 .bss.htim2     0x00000000200001f8       0x48 ./Core/Src/main.o
                0x00000000200001f8                htim2
 .bss.htim3     0x0000000020000240       0x48 ./Core/Src/main.o
                0x0000000020000240                htim3
 .bss.htim5     0x0000000020000288       0x48 ./Core/Src/main.o
                0x0000000020000288                htim5
 .bss.minutos   0x00000000200002d0        0x4 ./Core/Src/main.o
                0x00000000200002d0                minutos
 .bss.horas     0x00000000200002d4        0x4 ./Core/Src/main.o
                0x00000000200002d4                horas
 .bss.tiempo_min
                0x00000000200002d8        0x4 ./Core/Src/main.o
                0x00000000200002d8                tiempo_min
 .bss.tiempo_hor
                0x00000000200002dc        0x4 ./Core/Src/main.o
                0x00000000200002dc                tiempo_hor
 .bss.contando  0x00000000200002e0        0x4 ./Core/Src/main.o
                0x00000000200002e0                contando
 .bss.buffer    0x00000000200002e4       0x40 ./Core/Src/main.o
                0x00000000200002e4                buffer
 .bss.last_interrupt_time
                0x0000000020000324        0x4 ./Core/Src/main.o
                0x0000000020000324                last_interrupt_time
 .bss.Current_State
                0x0000000020000328        0x1 ./Core/Src/main.o
 *fill*         0x0000000020000329        0x3 
 .bss.btn_pressed
                0x000000002000032c        0x4 ./Core/Src/main.o
                0x000000002000032c                btn_pressed
 .bss.uwTick    0x0000000020000330        0x4 ./Drivers/STM32F4xx_HAL_Driver/Src/stm32f4xx_hal.o
                0x0000000020000330                uwTick
 .bss.cfgidx.0  0x0000000020000334        0x1 ./Middlewares/ST/STM32_USB_Device_Library/Core/Src/usbd_ctlreq.o
 *fill*         0x0000000020000335        0x3 
 .bss.hUsbDeviceFS
                0x0000000020000338      0x2dc ./USB_DEVICE/App/usb_device.o
                0x0000000020000338                hUsbDeviceFS
 .bss.UserRxBufferFS
                0x0000000020000614      0x800 ./USB_DEVICE/App/usbd_cdc_if.o
                0x0000000020000614                UserRxBufferFS
 .bss.UserTxBufferFS
                0x0000000020000e14      0x800 ./USB_DEVICE/App/usbd_cdc_if.o
                0x0000000020000e14                UserTxBufferFS
 .bss.USBD_StrDesc
                0x0000000020001614      0x200 ./USB_DEVICE/App/usbd_desc.o
                0x0000000020001614                USBD_StrDesc
 .bss.hpcd_USB_OTG_FS
                0x0000000020001814      0x50c ./USB_DEVICE/Target/usbd_conf.o
                0x0000000020001814                hpcd_USB_OTG_FS
 .bss.mem.0     0x0000000020001d20      0x220 ./USB_DEVICE/Target/usbd_conf.o
 *(COMMON)
                0x0000000020001f40                . = ALIGN (0x4)
                0x0000000020001f40                _ebss = .
                0x0000000020001f40                __bss_end__ = _ebss

._user_heap_stack
                0x0000000020001f40      0x600 load address 0x0000000008008cd8
                0x0000000020001f40                . = ALIGN (0x8)
                [!provide]                        PROVIDE (end = .)
                0x0000000020001f40                PROVIDE (_end = .)
                0x0000000020002140                . = (. + _Min_Heap_Size)
 *fill*         0x0000000020001f40      0x200 
                0x0000000020002540                . = (. + _Min_Stack_Size)
 *fill*         0x0000000020002140      0x400 
                0x0000000020002540                . = ALIGN (0x8)

/DISCARD/
 libc.a(*)
 libm.a(*)
 libgcc.a(*)

.ARM.attributes
                0x0000000000000000       0x30
 *(.ARM.attributes)
 .ARM.attributes
                0x0000000000000000       0x1e c:/st/stm32cubeide_1.10.1/stm32cubeide/plugins/com.st.stm32cube.ide.mcu.externaltools.gnu-tools-for-stm32.10.3-2021.10.win32_1.0.0.202111181127/tools/bin/../lib/gcc/arm-none-eabi/10.3.1/thumb/v7e-m+fp/hard/crti.o
 .ARM.attributes
                0x000000000000001e       0x34 c:/st/stm32cubeide_1.10.1/stm32cubeide/plugins/com.st.stm32cube.ide.mcu.externaltools.gnu-tools-for-stm32.10.3-2021.10.win32_1.0.0.202111181127/tools/bin/../lib/gcc/arm-none-eabi/10.3.1/thumb/v7e-m+fp/hard/crtbegin.o
 .ARM.attributes
                0x0000000000000052       0x34 ./Core/Src/main.o
 .ARM.attributes
                0x0000000000000086       0x34 ./Core/Src/stm32f4xx_hal_msp.o
 .ARM.attributes
                0x00000000000000ba       0x34 ./Core/Src/stm32f4xx_it.o
 .ARM.attributes
                0x00000000000000ee       0x34 ./Core/Src/system_stm32f4xx.o
 .ARM.attributes
                0x0000000000000122       0x21 ./Core/Startup/startup_stm32f411vetx.o
 .ARM.attributes
                0x0000000000000143       0x34 ./Drivers/STM32F4xx_HAL_Driver/Src/stm32f4xx_hal.o
 .ARM.attributes
                0x0000000000000177       0x34 ./Drivers/STM32F4xx_HAL_Driver/Src/stm32f4xx_hal_adc.o
 .ARM.attributes
                0x00000000000001ab       0x34 ./Drivers/STM32F4xx_HAL_Driver/Src/stm32f4xx_hal_cortex.o
 .ARM.attributes
                0x00000000000001df       0x34 ./Drivers/STM32F4xx_HAL_Driver/Src/stm32f4xx_hal_gpio.o
 .ARM.attributes
                0x0000000000000213       0x34 ./Drivers/STM32F4xx_HAL_Driver/Src/stm32f4xx_hal_pcd.o
 .ARM.attributes
                0x0000000000000247       0x34 ./Drivers/STM32F4xx_HAL_Driver/Src/stm32f4xx_hal_pcd_ex.o
 .ARM.attributes
                0x000000000000027b       0x34 ./Drivers/STM32F4xx_HAL_Driver/Src/stm32f4xx_hal_rcc.o
 .ARM.attributes
                0x00000000000002af       0x34 ./Drivers/STM32F4xx_HAL_Driver/Src/stm32f4xx_hal_tim.o
 .ARM.attributes
                0x00000000000002e3       0x34 ./Drivers/STM32F4xx_HAL_Driver/Src/stm32f4xx_hal_tim_ex.o
 .ARM.attributes
                0x0000000000000317       0x34 ./Drivers/STM32F4xx_HAL_Driver/Src/stm32f4xx_ll_usb.o
 .ARM.attributes
                0x000000000000034b       0x34 ./Middlewares/ST/STM32_USB_Device_Library/Class/CDC/Src/usbd_cdc.o
 .ARM.attributes
                0x000000000000037f       0x34 ./Middlewares/ST/STM32_USB_Device_Library/Core/Src/usbd_core.o
 .ARM.attributes
                0x00000000000003b3       0x34 ./Middlewares/ST/STM32_USB_Device_Library/Core/Src/usbd_ctlreq.o
 .ARM.attributes
                0x00000000000003e7       0x34 ./Middlewares/ST/STM32_USB_Device_Library/Core/Src/usbd_ioreq.o
 .ARM.attributes
                0x000000000000041b       0x34 ./USB_DEVICE/App/usb_device.o
 .ARM.attributes
                0x000000000000044f       0x34 ./USB_DEVICE/App/usbd_cdc_if.o
 .ARM.attributes
                0x0000000000000483       0x34 ./USB_DEVICE/App/usbd_desc.o
 .ARM.attributes
                0x00000000000004b7       0x34 ./USB_DEVICE/Target/usbd_conf.o
 .ARM.attributes
                0x00000000000004eb       0x34 c:/st/stm32cubeide_1.10.1/stm32cubeide/plugins/com.st.stm32cube.ide.mcu.externaltools.gnu-tools-for-stm32.10.3-2021.10.win32_1.0.0.202111181127/tools/bin/../lib/gcc/arm-none-eabi/10.3.1/../../../../arm-none-eabi/lib/thumb/v7e-m+fp/hard\libc_nano.a(lib_a-atoi.o)
 .ARM.attributes
                0x000000000000051f       0x34 c:/st/stm32cubeide_1.10.1/stm32cubeide/plugins/com.st.stm32cube.ide.mcu.externaltools.gnu-tools-for-stm32.10.3-2021.10.win32_1.0.0.202111181127/tools/bin/../lib/gcc/arm-none-eabi/10.3.1/../../../../arm-none-eabi/lib/thumb/v7e-m+fp/hard\libc_nano.a(lib_a-errno.o)
 .ARM.attributes
                0x0000000000000553       0x34 c:/st/stm32cubeide_1.10.1/stm32cubeide/plugins/com.st.stm32cube.ide.mcu.externaltools.gnu-tools-for-stm32.10.3-2021.10.win32_1.0.0.202111181127/tools/bin/../lib/gcc/arm-none-eabi/10.3.1/../../../../arm-none-eabi/lib/thumb/v7e-m+fp/hard\libc_nano.a(lib_a-impure.o)
 .ARM.attributes
                0x0000000000000587       0x34 c:/st/stm32cubeide_1.10.1/stm32cubeide/plugins/com.st.stm32cube.ide.mcu.externaltools.gnu-tools-for-stm32.10.3-2021.10.win32_1.0.0.202111181127/tools/bin/../lib/gcc/arm-none-eabi/10.3.1/../../../../arm-none-eabi/lib/thumb/v7e-m+fp/hard\libc_nano.a(lib_a-init.o)
 .ARM.attributes
                0x00000000000005bb       0x34 c:/st/stm32cubeide_1.10.1/stm32cubeide/plugins/com.st.stm32cube.ide.mcu.externaltools.gnu-tools-for-stm32.10.3-2021.10.win32_1.0.0.202111181127/tools/bin/../lib/gcc/arm-none-eabi/10.3.1/../../../../arm-none-eabi/lib/thumb/v7e-m+fp/hard\libc_nano.a(lib_a-memcpy-stub.o)
 .ARM.attributes
                0x00000000000005ef       0x34 c:/st/stm32cubeide_1.10.1/stm32cubeide/plugins/com.st.stm32cube.ide.mcu.externaltools.gnu-tools-for-stm32.10.3-2021.10.win32_1.0.0.202111181127/tools/bin/../lib/gcc/arm-none-eabi/10.3.1/../../../../arm-none-eabi/lib/thumb/v7e-m+fp/hard\libc_nano.a(lib_a-memset.o)
 .ARM.attributes
                0x0000000000000623       0x34 c:/st/stm32cubeide_1.10.1/stm32cubeide/plugins/com.st.stm32cube.ide.mcu.externaltools.gnu-tools-for-stm32.10.3-2021.10.win32_1.0.0.202111181127/tools/bin/../lib/gcc/arm-none-eabi/10.3.1/../../../../arm-none-eabi/lib/thumb/v7e-m+fp/hard\libc_nano.a(lib_a-strstr.o)
 .ARM.attributes
                0x0000000000000657       0x34 c:/st/stm32cubeide_1.10.1/stm32cubeide/plugins/com.st.stm32cube.ide.mcu.externaltools.gnu-tools-for-stm32.10.3-2021.10.win32_1.0.0.202111181127/tools/bin/../lib/gcc/arm-none-eabi/10.3.1/../../../../arm-none-eabi/lib/thumb/v7e-m+fp/hard\libc_nano.a(lib_a-strtol.o)
 .ARM.attributes
                0x000000000000068b       0x34 c:/st/stm32cubeide_1.10.1/stm32cubeide/plugins/com.st.stm32cube.ide.mcu.externaltools.gnu-tools-for-stm32.10.3-2021.10.win32_1.0.0.202111181127/tools/bin/../lib/gcc/arm-none-eabi/10.3.1/../../../../arm-none-eabi/lib/thumb/v7e-m+fp/hard\libc_nano.a(lib_a-ctype_.o)
 .ARM.attributes
                0x00000000000006bf       0x1e c:/st/stm32cubeide_1.10.1/stm32cubeide/plugins/com.st.stm32cube.ide.mcu.externaltools.gnu-tools-for-stm32.10.3-2021.10.win32_1.0.0.202111181127/tools/bin/../lib/gcc/arm-none-eabi/10.3.1/thumb/v7e-m+fp/hard\libgcc.a(_aeabi_uldivmod.o)
 .ARM.attributes
                0x00000000000006dd       0x34 c:/st/stm32cubeide_1.10.1/stm32cubeide/plugins/com.st.stm32cube.ide.mcu.externaltools.gnu-tools-for-stm32.10.3-2021.10.win32_1.0.0.202111181127/tools/bin/../lib/gcc/arm-none-eabi/10.3.1/thumb/v7e-m+fp/hard\libgcc.a(_udivmoddi4.o)
 .ARM.attributes
                0x0000000000000711       0x1e c:/st/stm32cubeide_1.10.1/stm32cubeide/plugins/com.st.stm32cube.ide.mcu.externaltools.gnu-tools-for-stm32.10.3-2021.10.win32_1.0.0.202111181127/tools/bin/../lib/gcc/arm-none-eabi/10.3.1/thumb/v7e-m+fp/hard\libgcc.a(_dvmd_tls.o)
 .ARM.attributes
                0x000000000000072f       0x1e c:/st/stm32cubeide_1.10.1/stm32cubeide/plugins/com.st.stm32cube.ide.mcu.externaltools.gnu-tools-for-stm32.10.3-2021.10.win32_1.0.0.202111181127/tools/bin/../lib/gcc/arm-none-eabi/10.3.1/thumb/v7e-m+fp/hard/crtn.o
OUTPUT(Proyecto_Micro_SED_2022.elf elf32-littlearm)
LOAD linker stubs
LOAD c:/st/stm32cubeide_1.10.1/stm32cubeide/plugins/com.st.stm32cube.ide.mcu.externaltools.gnu-tools-for-stm32.10.3-2021.10.win32_1.0.0.202111181127/tools/bin/../lib/gcc/arm-none-eabi/10.3.1/../../../../arm-none-eabi/lib/thumb/v7e-m+fp/hard\libc.a
LOAD c:/st/stm32cubeide_1.10.1/stm32cubeide/plugins/com.st.stm32cube.ide.mcu.externaltools.gnu-tools-for-stm32.10.3-2021.10.win32_1.0.0.202111181127/tools/bin/../lib/gcc/arm-none-eabi/10.3.1/../../../../arm-none-eabi/lib/thumb/v7e-m+fp/hard\libm.a
LOAD c:/st/stm32cubeide_1.10.1/stm32cubeide/plugins/com.st.stm32cube.ide.mcu.externaltools.gnu-tools-for-stm32.10.3-2021.10.win32_1.0.0.202111181127/tools/bin/../lib/gcc/arm-none-eabi/10.3.1/thumb/v7e-m+fp/hard\libgcc.a

.debug_info     0x0000000000000000    0x153b8
 .debug_info    0x0000000000000000     0x1b97 ./Core/Src/main.o
 .debug_info    0x0000000000001b97      0xf7c ./Core/Src/stm32f4xx_hal_msp.o
 .debug_info    0x0000000000002b13      0xc59 ./Core/Src/stm32f4xx_it.o
 .debug_info    0x000000000000376c      0x54f ./Core/Src/system_stm32f4xx.o
 .debug_info    0x0000000000003cbb       0x22 ./Core/Startup/startup_stm32f411vetx.o
 .debug_info    0x0000000000003cdd      0x90d ./Drivers/STM32F4xx_HAL_Driver/Src/stm32f4xx_hal.o
 .debug_info    0x00000000000045ea      0xd68 ./Drivers/STM32F4xx_HAL_Driver/Src/stm32f4xx_hal_adc.o
 .debug_info    0x0000000000005352      0xd8b ./Drivers/STM32F4xx_HAL_Driver/Src/stm32f4xx_hal_cortex.o
 .debug_info    0x00000000000060dd      0x78e ./Drivers/STM32F4xx_HAL_Driver/Src/stm32f4xx_hal_gpio.o
 .debug_info    0x000000000000686b     0x168d ./Drivers/STM32F4xx_HAL_Driver/Src/stm32f4xx_hal_pcd.o
 .debug_info    0x0000000000007ef8      0x717 ./Drivers/STM32F4xx_HAL_Driver/Src/stm32f4xx_hal_pcd_ex.o
 .debug_info    0x000000000000860f      0x98d ./Drivers/STM32F4xx_HAL_Driver/Src/stm32f4xx_hal_rcc.o
 .debug_info    0x0000000000008f9c     0x2bb6 ./Drivers/STM32F4xx_HAL_Driver/Src/stm32f4xx_hal_tim.o
 .debug_info    0x000000000000bb52     0x15d8 ./Drivers/STM32F4xx_HAL_Driver/Src/stm32f4xx_hal_tim_ex.o
 .debug_info    0x000000000000d12a     0x1a97 ./Drivers/STM32F4xx_HAL_Driver/Src/stm32f4xx_ll_usb.o
 .debug_info    0x000000000000ebc1     0x130c ./Middlewares/ST/STM32_USB_Device_Library/Class/CDC/Src/usbd_cdc.o
 .debug_info    0x000000000000fecd      0xee7 ./Middlewares/ST/STM32_USB_Device_Library/Core/Src/usbd_core.o
 .debug_info    0x0000000000010db4      0xb7f ./Middlewares/ST/STM32_USB_Device_Library/Core/Src/usbd_ctlreq.o
 .debug_info    0x0000000000011933      0x7da ./Middlewares/ST/STM32_USB_Device_Library/Core/Src/usbd_ioreq.o
 .debug_info    0x000000000001210d      0x76a ./USB_DEVICE/App/usb_device.o
 .debug_info    0x0000000000012877      0x9ee ./USB_DEVICE/App/usbd_cdc_if.o
 .debug_info    0x0000000000013265      0x498 ./USB_DEVICE/App/usbd_desc.o
 .debug_info    0x00000000000136fd     0x1cbb ./USB_DEVICE/Target/usbd_conf.o

.debug_abbrev   0x0000000000000000     0x327c
 .debug_abbrev  0x0000000000000000      0x3a0 ./Core/Src/main.o
 .debug_abbrev  0x00000000000003a0      0x1c5 ./Core/Src/stm32f4xx_hal_msp.o
 .debug_abbrev  0x0000000000000565      0x1ea ./Core/Src/stm32f4xx_it.o
 .debug_abbrev  0x000000000000074f      0x116 ./Core/Src/system_stm32f4xx.o
 .debug_abbrev  0x0000000000000865       0x12 ./Core/Startup/startup_stm32f411vetx.o
 .debug_abbrev  0x0000000000000877      0x23e ./Drivers/STM32F4xx_HAL_Driver/Src/stm32f4xx_hal.o
 .debug_abbrev  0x0000000000000ab5      0x204 ./Drivers/STM32F4xx_HAL_Driver/Src/stm32f4xx_hal_adc.o
 .debug_abbrev  0x0000000000000cb9      0x316 ./Drivers/STM32F4xx_HAL_Driver/Src/stm32f4xx_hal_cortex.o
 .debug_abbrev  0x0000000000000fcf      0x1c4 ./Drivers/STM32F4xx_HAL_Driver/Src/stm32f4xx_hal_gpio.o
 .debug_abbrev  0x0000000000001193      0x2bb ./Drivers/STM32F4xx_HAL_Driver/Src/stm32f4xx_hal_pcd.o
 .debug_abbrev  0x000000000000144e      0x1ce ./Drivers/STM32F4xx_HAL_Driver/Src/stm32f4xx_hal_pcd_ex.o
 .debug_abbrev  0x000000000000161c      0x2aa ./Drivers/STM32F4xx_HAL_Driver/Src/stm32f4xx_hal_rcc.o
 .debug_abbrev  0x00000000000018c6      0x26e ./Drivers/STM32F4xx_HAL_Driver/Src/stm32f4xx_hal_tim.o
 .debug_abbrev  0x0000000000001b34      0x276 ./Drivers/STM32F4xx_HAL_Driver/Src/stm32f4xx_hal_tim_ex.o
 .debug_abbrev  0x0000000000001daa      0x296 ./Drivers/STM32F4xx_HAL_Driver/Src/stm32f4xx_ll_usb.o
 .debug_abbrev  0x0000000000002040      0x2be ./Middlewares/ST/STM32_USB_Device_Library/Class/CDC/Src/usbd_cdc.o
 .debug_abbrev  0x00000000000022fe      0x263 ./Middlewares/ST/STM32_USB_Device_Library/Core/Src/usbd_core.o
 .debug_abbrev  0x0000000000002561      0x25c ./Middlewares/ST/STM32_USB_Device_Library/Core/Src/usbd_ctlreq.o
 .debug_abbrev  0x00000000000027bd      0x18a ./Middlewares/ST/STM32_USB_Device_Library/Core/Src/usbd_ioreq.o
 .debug_abbrev  0x0000000000002947      0x18a ./USB_DEVICE/App/usb_device.o
 .debug_abbrev  0x0000000000002ad1      0x2a6 ./USB_DEVICE/App/usbd_cdc_if.o
 .debug_abbrev  0x0000000000002d77      0x1da ./USB_DEVICE/App/usbd_desc.o
 .debug_abbrev  0x0000000000002f51      0x32b ./USB_DEVICE/Target/usbd_conf.o

.debug_aranges  0x0000000000000000     0x1258
 .debug_aranges
                0x0000000000000000      0x100 ./Core/Src/main.o
 .debug_aranges
                0x0000000000000100       0x40 ./Core/Src/stm32f4xx_hal_msp.o
 .debug_aranges
                0x0000000000000140       0x80 ./Core/Src/stm32f4xx_it.o
 .debug_aranges
                0x00000000000001c0       0x28 ./Core/Src/system_stm32f4xx.o
 .debug_aranges
                0x00000000000001e8       0x28 ./Core/Startup/startup_stm32f411vetx.o
 .debug_aranges
                0x0000000000000210       0xf0 ./Drivers/STM32F4xx_HAL_Driver/Src/stm32f4xx_hal.o
 .debug_aranges
                0x0000000000000300       0xe8 ./Drivers/STM32F4xx_HAL_Driver/Src/stm32f4xx_hal_adc.o
 .debug_aranges
                0x00000000000003e8      0x118 ./Drivers/STM32F4xx_HAL_Driver/Src/stm32f4xx_hal_cortex.o
 .debug_aranges
                0x0000000000000500       0x58 ./Drivers/STM32F4xx_HAL_Driver/Src/stm32f4xx_hal_gpio.o
 .debug_aranges
                0x0000000000000558      0x148 ./Drivers/STM32F4xx_HAL_Driver/Src/stm32f4xx_hal_pcd.o
 .debug_aranges
                0x00000000000006a0       0x38 ./Drivers/STM32F4xx_HAL_Driver/Src/stm32f4xx_hal_pcd_ex.o
 .debug_aranges
                0x00000000000006d8       0x88 ./Drivers/STM32F4xx_HAL_Driver/Src/stm32f4xx_hal_rcc.o
 .debug_aranges
                0x0000000000000760      0x3d0 ./Drivers/STM32F4xx_HAL_Driver/Src/stm32f4xx_hal_tim.o
 .debug_aranges
                0x0000000000000b30      0x168 ./Drivers/STM32F4xx_HAL_Driver/Src/stm32f4xx_hal_tim_ex.o
 .debug_aranges
                0x0000000000000c98      0x1a0 ./Drivers/STM32F4xx_HAL_Driver/Src/stm32f4xx_ll_usb.o
 .debug_aranges
                0x0000000000000e38       0x90 ./Middlewares/ST/STM32_USB_Device_Library/Class/CDC/Src/usbd_cdc.o
 .debug_aranges
                0x0000000000000ec8       0xd8 ./Middlewares/ST/STM32_USB_Device_Library/Core/Src/usbd_core.o
 .debug_aranges
                0x0000000000000fa0       0x90 ./Middlewares/ST/STM32_USB_Device_Library/Core/Src/usbd_ctlreq.o
 .debug_aranges
                0x0000000000001030       0x50 ./Middlewares/ST/STM32_USB_Device_Library/Core/Src/usbd_ioreq.o
 .debug_aranges
                0x0000000000001080       0x20 ./USB_DEVICE/App/usb_device.o
 .debug_aranges
                0x00000000000010a0       0x48 ./USB_DEVICE/App/usbd_cdc_if.o
 .debug_aranges
                0x00000000000010e8       0x60 ./USB_DEVICE/App/usbd_desc.o
 .debug_aranges
                0x0000000000001148      0x110 ./USB_DEVICE/Target/usbd_conf.o

.debug_ranges   0x0000000000000000     0x10f0
 .debug_ranges  0x0000000000000000       0xf0 ./Core/Src/main.o
 .debug_ranges  0x00000000000000f0       0x30 ./Core/Src/stm32f4xx_hal_msp.o
 .debug_ranges  0x0000000000000120       0x70 ./Core/Src/stm32f4xx_it.o
 .debug_ranges  0x0000000000000190       0x18 ./Core/Src/system_stm32f4xx.o
 .debug_ranges  0x00000000000001a8       0x20 ./Core/Startup/startup_stm32f411vetx.o
 .debug_ranges  0x00000000000001c8       0xe0 ./Drivers/STM32F4xx_HAL_Driver/Src/stm32f4xx_hal.o
 .debug_ranges  0x00000000000002a8       0xd8 ./Drivers/STM32F4xx_HAL_Driver/Src/stm32f4xx_hal_adc.o
 .debug_ranges  0x0000000000000380      0x108 ./Drivers/STM32F4xx_HAL_Driver/Src/stm32f4xx_hal_cortex.o
 .debug_ranges  0x0000000000000488       0x48 ./Drivers/STM32F4xx_HAL_Driver/Src/stm32f4xx_hal_gpio.o
 .debug_ranges  0x00000000000004d0      0x138 ./Drivers/STM32F4xx_HAL_Driver/Src/stm32f4xx_hal_pcd.o
 .debug_ranges  0x0000000000000608       0x28 ./Drivers/STM32F4xx_HAL_Driver/Src/stm32f4xx_hal_pcd_ex.o
 .debug_ranges  0x0000000000000630       0x78 ./Drivers/STM32F4xx_HAL_Driver/Src/stm32f4xx_hal_rcc.o
 .debug_ranges  0x00000000000006a8      0x3c0 ./Drivers/STM32F4xx_HAL_Driver/Src/stm32f4xx_hal_tim.o
 .debug_ranges  0x0000000000000a68      0x158 ./Drivers/STM32F4xx_HAL_Driver/Src/stm32f4xx_hal_tim_ex.o
 .debug_ranges  0x0000000000000bc0      0x190 ./Drivers/STM32F4xx_HAL_Driver/Src/stm32f4xx_ll_usb.o
 .debug_ranges  0x0000000000000d50       0x80 ./Middlewares/ST/STM32_USB_Device_Library/Class/CDC/Src/usbd_cdc.o
 .debug_ranges  0x0000000000000dd0       0xc8 ./Middlewares/ST/STM32_USB_Device_Library/Core/Src/usbd_core.o
 .debug_ranges  0x0000000000000e98       0x80 ./Middlewares/ST/STM32_USB_Device_Library/Core/Src/usbd_ctlreq.o
 .debug_ranges  0x0000000000000f18       0x40 ./Middlewares/ST/STM32_USB_Device_Library/Core/Src/usbd_ioreq.o
 .debug_ranges  0x0000000000000f58       0x10 ./USB_DEVICE/App/usb_device.o
 .debug_ranges  0x0000000000000f68       0x38 ./USB_DEVICE/App/usbd_cdc_if.o
 .debug_ranges  0x0000000000000fa0       0x50 ./USB_DEVICE/App/usbd_desc.o
 .debug_ranges  0x0000000000000ff0      0x100 ./USB_DEVICE/Target/usbd_conf.o

.debug_macro    0x0000000000000000    0x1a522
 .debug_macro   0x0000000000000000      0x463 ./Core/Src/main.o
 .debug_macro   0x0000000000000463      0xa78 ./Core/Src/main.o
 .debug_macro   0x0000000000000edb      0x2a1 ./Core/Src/main.o
 .debug_macro   0x000000000000117c       0x2e ./Core/Src/main.o
 .debug_macro   0x00000000000011aa       0x28 ./Core/Src/main.o
 .debug_macro   0x00000000000011d2       0x22 ./Core/Src/main.o
 .debug_macro   0x00000000000011f4       0x8e ./Core/Src/main.o
 .debug_macro   0x0000000000001282       0x51 ./Core/Src/main.o
 .debug_macro   0x00000000000012d3      0x103 ./Core/Src/main.o
 .debug_macro   0x00000000000013d6       0x6a ./Core/Src/main.o
 .debug_macro   0x0000000000001440      0x1df ./Core/Src/main.o
 .debug_macro   0x000000000000161f       0x1c ./Core/Src/main.o
 .debug_macro   0x000000000000163b       0x22 ./Core/Src/main.o
 .debug_macro   0x000000000000165d       0xd9 ./Core/Src/main.o
 .debug_macro   0x0000000000001736     0x102d ./Core/Src/main.o
 .debug_macro   0x0000000000002763      0x11f ./Core/Src/main.o
 .debug_macro   0x0000000000002882     0xb953 ./Core/Src/main.o
 .debug_macro   0x000000000000e1d5       0x6d ./Core/Src/main.o
 .debug_macro   0x000000000000e242     0x367e ./Core/Src/main.o
 .debug_macro   0x00000000000118c0      0x174 ./Core/Src/main.o
 .debug_macro   0x0000000000011a34       0x5c ./Core/Src/main.o
 .debug_macro   0x0000000000011a90      0x447 ./Core/Src/main.o
 .debug_macro   0x0000000000011ed7      0x9fe ./Core/Src/main.o
 .debug_macro   0x00000000000128d5      0x115 ./Core/Src/main.o
 .debug_macro   0x00000000000129ea      0x11b ./Core/Src/main.o
 .debug_macro   0x0000000000012b05       0xa5 ./Core/Src/main.o
 .debug_macro   0x0000000000012baa      0x15f ./Core/Src/main.o
 .debug_macro   0x0000000000012d09      0x287 ./Core/Src/main.o
 .debug_macro   0x0000000000012f90       0x5f ./Core/Src/main.o
 .debug_macro   0x0000000000012fef      0x236 ./Core/Src/main.o
 .debug_macro   0x0000000000013225      0x9e1 ./Core/Src/main.o
 .debug_macro   0x0000000000013c06      0x38b ./Core/Src/main.o
 .debug_macro   0x0000000000013f91      0x17d ./Core/Src/main.o
 .debug_macro   0x000000000001410e       0xf9 ./Core/Src/main.o
 .debug_macro   0x0000000000014207      0x132 ./Core/Src/main.o
 .debug_macro   0x0000000000014339      0x264 ./Core/Src/main.o
 .debug_macro   0x000000000001459d       0x2e ./Core/Src/main.o
 .debug_macro   0x00000000000145cb      0x11a ./Core/Src/main.o
 .debug_macro   0x00000000000146e5       0x85 ./Core/Src/main.o
 .debug_macro   0x000000000001476a       0x89 ./Core/Src/main.o
 .debug_macro   0x00000000000147f3      0x8e6 ./Core/Src/main.o
 .debug_macro   0x00000000000150d9       0x47 ./Core/Src/main.o
 .debug_macro   0x0000000000015120      0x248 ./Core/Src/main.o
 .debug_macro   0x0000000000015368       0xba ./Core/Src/main.o
 .debug_macro   0x0000000000015422      0x126 ./Core/Src/main.o
 .debug_macro   0x0000000000015548       0x52 ./Core/Src/main.o
 .debug_macro   0x000000000001559a       0x1e ./Core/Src/main.o
 .debug_macro   0x00000000000155b8       0x3c ./Core/Src/main.o
 .debug_macro   0x00000000000155f4       0x34 ./Core/Src/main.o
 .debug_macro   0x0000000000015628       0x16 ./Core/Src/main.o
 .debug_macro   0x000000000001563e       0x35 ./Core/Src/main.o
 .debug_macro   0x0000000000015673      0x341 ./Core/Src/main.o
 .debug_macro   0x00000000000159b4       0x10 ./Core/Src/main.o
 .debug_macro   0x00000000000159c4       0x16 ./Core/Src/main.o
 .debug_macro   0x00000000000159da       0x43 ./Core/Src/main.o
 .debug_macro   0x0000000000015a1d       0x34 ./Core/Src/main.o
 .debug_macro   0x0000000000015a51       0x10 ./Core/Src/main.o
 .debug_macro   0x0000000000015a61       0x58 ./Core/Src/main.o
 .debug_macro   0x0000000000015ab9       0x71 ./Core/Src/main.o
 .debug_macro   0x0000000000015b2a       0x1c ./Core/Src/main.o
 .debug_macro   0x0000000000015b46      0x12a ./Core/Src/main.o
 .debug_macro   0x0000000000015c70       0x10 ./Core/Src/main.o
 .debug_macro   0x0000000000015c80       0x1c ./Core/Src/main.o
 .debug_macro   0x0000000000015c9c       0x52 ./Core/Src/main.o
 .debug_macro   0x0000000000015cee       0x22 ./Core/Src/main.o
 .debug_macro   0x0000000000015d10       0x10 ./Core/Src/main.o
 .debug_macro   0x0000000000015d20       0x52 ./Core/Src/main.o
 .debug_macro   0x0000000000015d72       0xd5 ./Core/Src/main.o
 .debug_macro   0x0000000000015e47       0x1c ./Core/Src/main.o
 .debug_macro   0x0000000000015e63       0x3d ./Core/Src/main.o
 .debug_macro   0x0000000000015ea0       0x16 ./Core/Src/main.o
 .debug_macro   0x0000000000015eb6      0x145 ./Core/Src/main.o
 .debug_macro   0x0000000000015ffb       0x16 ./Core/Src/main.o
 .debug_macro   0x0000000000016011       0x16 ./Core/Src/main.o
 .debug_macro   0x0000000000016027       0x29 ./Core/Src/main.o
 .debug_macro   0x0000000000016050       0x16 ./Core/Src/main.o
 .debug_macro   0x0000000000016066       0x20 ./Core/Src/main.o
 .debug_macro   0x0000000000016086       0x65 ./Core/Src/main.o
 .debug_macro   0x00000000000160eb      0x20f ./Core/Src/main.o
 .debug_macro   0x00000000000162fa       0x95 ./Core/Src/main.o
 .debug_macro   0x000000000001638f       0x10 ./Core/Src/main.o
 .debug_macro   0x000000000001639f      0x21a ./Core/Src/stm32f4xx_hal_msp.o
 .debug_macro   0x00000000000165b9      0x224 ./Core/Src/stm32f4xx_it.o
 .debug_macro   0x00000000000167dd      0x210 ./Core/Src/system_stm32f4xx.o
 .debug_macro   0x00000000000169ed      0x270 ./Drivers/STM32F4xx_HAL_Driver/Src/stm32f4xx_hal.o
 .debug_macro   0x0000000000016c5d      0x211 ./Drivers/STM32F4xx_HAL_Driver/Src/stm32f4xx_hal_adc.o
 .debug_macro   0x0000000000016e6e      0x210 ./Drivers/STM32F4xx_HAL_Driver/Src/stm32f4xx_hal_cortex.o
 .debug_macro   0x000000000001707e      0x216 ./Drivers/STM32F4xx_HAL_Driver/Src/stm32f4xx_hal_gpio.o
 .debug_macro   0x0000000000017294      0x21c ./Drivers/STM32F4xx_HAL_Driver/Src/stm32f4xx_hal_pcd.o
 .debug_macro   0x00000000000174b0      0x210 ./Drivers/STM32F4xx_HAL_Driver/Src/stm32f4xx_hal_pcd_ex.o
 .debug_macro   0x00000000000176c0      0x234 ./Drivers/STM32F4xx_HAL_Driver/Src/stm32f4xx_hal_rcc.o
 .debug_macro   0x00000000000178f4      0x211 ./Drivers/STM32F4xx_HAL_Driver/Src/stm32f4xx_hal_tim.o
 .debug_macro   0x0000000000017b05      0x210 ./Drivers/STM32F4xx_HAL_Driver/Src/stm32f4xx_hal_tim_ex.o
 .debug_macro   0x0000000000017d15      0x210 ./Drivers/STM32F4xx_HAL_Driver/Src/stm32f4xx_ll_usb.o