../Core/Src/main.c:108:6:TemporizadorMinutos	16	static
../Core/Src/main.c:116:6:TemporizadorHoras	16	static
../Core/Src/main.c:132:6:displayModo	72	static
../Core/Src/main.c:158:6:Delay	16	static
../Core/Src/main.c:164:6:Display_Temp	16	static
../Core/Src/main.c:174:6:Display_Rh	16	static
../Core/Src/main.c:191:6:Set_Pin_Output	40	static
../Core/Src/main.c:200:6:Set_Pin_Input	40	static
../Core/Src/main.c:214:6:DHT11_Start	8	static
../Core/Src/main.c:224:9:DHT11_Check_Response	16	static
../Core/Src/main.c:239:9:DHT11_Read	16	static
../Core/Src/main.c:262:5:main	8	static
../Core/Src/main.c:311:6:SystemClock_Config	88	static
../Core/Src/main.c:357:13:MX_ADC1_Init	24	static
../Core/Src/main.c:409:13:MX_TIM2_Init	32	static
../Core/Src/main.c:454:13:MX_TIM3_Init	32	static
../Core/Src/main.c:499:13:MX_TIM5_Init	32	static
../Core/Src/main.c:544:13:MX_GPIO_Init	48	static
../Core/Src/main.c:578:6:LimpiarProcesos	8	static
../Core/Src/main.c:583:6:state_machine_init	8	static
../Core/Src/main.c:588:6:ESPERA_function	24	static
../Core/Src/main.c:619:6:MANUAL_function	40	static
../Core/Src/main.c:660:6:HORARIO_function	24	static
../Core/Src/main.c:693:6:AUTOMATICO_function	24	static
../Core/Src/main.c:725:6:ENCENDIDO_function	16	static
../Core/Src/main.c:732:6:APAGADO_function	8	static
../Core/Src/main.c:738:6:HAL_TIM_PeriodElapsedCallback	16	static
../Core/Src/main.c:757:6:HAL_GPIO_EXTI_Callback	24	static
../Core/Src/main.c:777:6:Error_Handler	4	static,ignoring_inline_asm
