../Core/Src/main.c:98:5:tiempoTranscurridoMinutos	24	static
../Core/Src/main.c:112:5:tiempoTranscurridoHoras	24	static
../Core/Src/main.c:134:6:displayModo	72	static
../Core/Src/main.c:160:6:Delay	16	static
../Core/Src/main.c:166:6:Display_Temp	16	static
../Core/Src/main.c:176:6:Display_Rh	16	static
../Core/Src/main.c:193:6:Set_Pin_Output	40	static
../Core/Src/main.c:202:6:Set_Pin_Input	40	static
../Core/Src/main.c:216:6:DHT11_Start	8	static
../Core/Src/main.c:226:9:DHT11_Check_Response	16	static
../Core/Src/main.c:241:9:DHT11_Read	16	static
../Core/Src/main.c:264:5:main	8	static
../Core/Src/main.c:313:6:SystemClock_Config	88	static
../Core/Src/main.c:359:13:MX_ADC1_Init	24	static
../Core/Src/main.c:411:13:MX_TIM2_Init	32	static
../Core/Src/main.c:456:13:MX_TIM3_Init	32	static
../Core/Src/main.c:501:13:MX_TIM5_Init	32	static
../Core/Src/main.c:546:13:MX_GPIO_Init	48	static
../Core/Src/main.c:580:6:state_machine_init	8	static
../Core/Src/main.c:585:6:ESPERA_function	24	static
../Core/Src/main.c:616:6:MANUAL_function	48	static
../Core/Src/main.c:662:6:HORARIO_function	24	static
../Core/Src/main.c:694:6:AUTOMATICO_function	24	static
../Core/Src/main.c:727:6:HAL_TIM_PeriodElapsedCallback	16	static
../Core/Src/main.c:736:6:HAL_GPIO_EXTI_Callback	24	static
../Core/Src/main.c:756:6:Error_Handler	4	static,ignoring_inline_asm
